040 (52736218.004.000) 2025-04-07 05:19:51 Started transferring input files
	Transferring to host: <131.225.188.73:9618?addrs=[2620-6a-0-8421-f0-0-188-73]-9618+131.225.188.73-9618&alias=cmswn2038.fnal.gov&noUDP&sock=slot1_8_4145688_fb80_4607>
...
040 (52736218.005.000) 2025-04-07 05:19:52 Started transferring input files
	Transferring to host: <131.225.189.244:9618?addrs=[2620-6a-0-8421-f0-0-189-244]-9618+131.225.189.244-9618&alias=cmswn2162.fnal.gov&noUDP&sock=slot1_8_2036385_33d2_2760>
...
040 (52736218.005.000) 2025-04-07 05:19:57 Finished transferring input files
...
001 (52736218.005.000) 2025-04-07 05:19:58 Job executing on host: <131.225.189.244:9618?addrs=[2620-6a-0-8421-f0-0-189-244]-9618+131.225.189.244-9618&alias=cmswn2162.fnal.gov&noUDP&sock=startd_2233_3b11>
	SlotName: slot1_8@cmswn2162.fnal.gov
	CondorScratchDir = "/storage/local/data1/condor/execute/dir_3295311"
	Cpus = 1
	Disk = 20975015
	GPUs = 0
	Memory = 8192
...
040 (52736218.004.000) 2025-04-07 05:20:02 Finished transferring input files
...
001 (52736218.004.000) 2025-04-07 05:20:03 Job executing on host: <131.225.188.73:9618?addrs=[2620-6a-0-8421-f0-0-188-73]-9618+131.225.188.73-9618&alias=cmswn2038.fnal.gov&noUDP&sock=startd_2231_dbe1>
	SlotName: slot1_8@cmswn2038.fnal.gov
	CondorScratchDir = "/storage/local/data1/condor/execute/dir_2381875"
	Cpus = 1
	Disk = 20973177
	GPUs = 0
	Memory = 8192
...
006 (52736218.005.000) 2025-04-07 05:20:06 Image size of job updated: 42
	42  -  MemoryUsage of job (MB)
	43080  -  ResidentSetSize of job (KB)
...
040 (52736218.008.000) 2025-04-07 05:20:08 Started transferring input files
	Transferring to host: <131.225.188.112:9618?addrs=[2620-6a-0-8421-f0-0-188-112]-9618+131.225.188.112-9618&alias=cmswn2048.fnal.gov&noUDP&sock=slot1_12_2589425_e9ab_3704>
...
040 (52736218.007.000) 2025-04-07 05:20:08 Started transferring input files
	Transferring to host: <131.225.189.158:9618?addrs=[2620-6a-0-8421-f0-0-189-158]-9618+131.225.189.158-9618&alias=cmswn2114.fnal.gov&noUDP&sock=slot1_23_3620747_8f3e_3881>
...
040 (52736218.009.000) 2025-04-07 05:20:09 Started transferring input files
	Transferring to host: <131.225.188.64:9618?addrs=[2620-6a-0-8421-f0-0-188-64]-9618+131.225.188.64-9618&alias=cmswn2036.fnal.gov&noUDP&sock=slot1_7_2901965_9dd1_2593>
...
040 (52736218.010.000) 2025-04-07 05:20:09 Started transferring input files
	Transferring to host: <131.225.189.62:9618?addrs=[2620-6a-0-8421-f0-0-189-62]-9618+131.225.189.62-9618&alias=cmswn2077.fnal.gov&noUDP&sock=slot1_1_116905_e5eb_5827>
...
040 (52736218.012.000) 2025-04-07 05:20:09 Started transferring input files
	Transferring to host: <131.225.189.244:9618?addrs=[2620-6a-0-8421-f0-0-189-244]-9618+131.225.189.244-9618&alias=cmswn2162.fnal.gov&noUDP&sock=slot1_9_2036385_33d2_2761>
...
040 (52736218.011.000) 2025-04-07 05:20:11 Started transferring input files
	Transferring to host: <131.225.189.250:9618?addrs=[2620-6a-0-8421-f0-0-189-250]-9618+131.225.189.250-9618&alias=cmswn2163.fnal.gov&noUDP&sock=slot1_8_2665_7bc5_13196>
...
040 (52736218.008.000) 2025-04-07 05:20:11 Finished transferring input files
...
001 (52736218.008.000) 2025-04-07 05:20:12 Job executing on host: <131.225.188.112:9618?addrs=[2620-6a-0-8421-f0-0-188-112]-9618+131.225.188.112-9618&alias=cmswn2048.fnal.gov&noUDP&sock=startd_2247_d565>
	SlotName: slot1_12@cmswn2048.fnal.gov
	CondorScratchDir = "/storage/local/data1/condor/execute/dir_3199522"
	Cpus = 1
	Disk = 20973063
	GPUs = 0
	Memory = 8192
...
040 (52736218.013.000) 2025-04-07 05:20:14 Started transferring input files
	Transferring to host: <131.225.189.62:9618?addrs=[2620-6a-0-8421-f0-0-189-62]-9618+131.225.189.62-9618&alias=cmswn2077.fnal.gov&noUDP&sock=slot1_16_116905_e5eb_5828>
...
040 (52736218.012.000) 2025-04-07 05:20:14 Finished transferring input files
...
001 (52736218.012.000) 2025-04-07 05:20:15 Job executing on host: <131.225.189.244:9618?addrs=[2620-6a-0-8421-f0-0-189-244]-9618+131.225.189.244-9618&alias=cmswn2162.fnal.gov&noUDP&sock=startd_2233_3b11>
	SlotName: slot1_9@cmswn2162.fnal.gov
	CondorScratchDir = "/storage/local/data1/condor/execute/dir_3296391"
	Cpus = 1
	Disk = 20975015
	GPUs = 0
	Memory = 8192
...
040 (52736218.011.000) 2025-04-07 05:20:15 Finished transferring input files
...
006 (52736218.005.000) 2025-04-07 05:20:15 Image size of job updated: 166
	166  -  MemoryUsage of job (MB)
	170264  -  ResidentSetSize of job (KB)
...
040 (52736218.005.000) 2025-04-07 05:20:15 Started transferring output files
...
040 (52736218.005.000) 2025-04-07 05:20:15 Finished transferring output files
...
005 (52736218.005.000) 2025-04-07 05:20:16 Job terminated.
	(1) Normal termination (return value 1)
		Usr 0 00:00:05, Sys 0 00:00:01  -  Run Remote Usage
		Usr 0 00:00:00, Sys 0 00:00:00  -  Run Local Usage
		Usr 0 00:00:05, Sys 0 00:00:01  -  Total Remote Usage
		Usr 0 00:00:00, Sys 0 00:00:00  -  Total Local Usage
	7994  -  Run Bytes Sent By Job
	324097504  -  Run Bytes Received By Job
	7994  -  Total Bytes Sent By Job
	324097504  -  Total Bytes Received By Job
	Partitionable Resources :    Usage  Request Allocated 
	   Cpus                 :        0        1         1 
	   Disk (KB)            :   317297 20971520  20975015 
	   GPUs                 :                           0 
	   Memory (MB)          :      166     8192      8192 
	   TimeExecute (s)      :       17                    
	   TimeSlotBusy (s)     :       25                    

	Job terminated of its own accord at 2025-04-07T10:20:15Z with exit-code 1.
...
001 (52736218.011.000) 2025-04-07 05:20:16 Job executing on host: <131.225.189.250:9618?addrs=[2620-6a-0-8421-f0-0-189-250]-9618+131.225.189.250-9618&alias=cmswn2163.fnal.gov&noUDP&sock=startd_2333_d28a>
	SlotName: slot1_8@cmswn2163.fnal.gov
	CondorScratchDir = "/storage/local/data1/condor/execute/dir_2860195"
	Cpus = 1
	Disk = 20974803
	GPUs = 0
	Memory = 8192
...
040 (52736218.007.000) 2025-04-07 05:20:17 Finished transferring input files
...
040 (52736218.014.000) 2025-04-07 05:20:17 Started transferring input files
	Transferring to host: <131.225.189.244:9618?addrs=[2620-6a-0-8421-f0-0-189-244]-9618+131.225.189.244-9618&alias=cmswn2162.fnal.gov&noUDP&sock=slot1_8_2036385_33d2_2762>
...
001 (52736218.007.000) 2025-04-07 05:20:18 Job executing on host: <131.225.189.158:9618?addrs=[2620-6a-0-8421-f0-0-189-158]-9618+131.225.189.158-9618&alias=cmswn2114.fnal.gov&noUDP&sock=startd_2771_4105>
	SlotName: slot1_23@cmswn2114.fnal.gov
	CondorScratchDir = "/storage/local/data1/condor/execute/dir_1119988"
	Cpus = 1
	Disk = 20974824
	GPUs = 0
	Memory = 8192
...
006 (52736218.012.000) 2025-04-07 05:20:24 Image size of job updated: 48
	48  -  MemoryUsage of job (MB)
	49744  -  ResidentSetSize of job (KB)
...
040 (52736218.015.000) 2025-04-07 05:20:24 Started transferring input files
	Transferring to host: <131.225.188.22:9618?addrs=[2620-6a-0-8421-f0-0-188-22]-9618+131.225.188.22-9618&alias=cmswn2024.fnal.gov&noUDP&sock=slot1_13_2288_da56_11084>
...
040 (52736218.016.000) 2025-04-07 05:20:24 Started transferring input files
	Transferring to host: <131.225.188.22:9618?addrs=[2620-6a-0-8421-f0-0-188-22]-9618+131.225.188.22-9618&alias=cmswn2024.fnal.gov&noUDP&sock=slot1_10_2288_da56_11085>
...
040 (52736218.014.000) 2025-04-07 05:20:24 Finished transferring input files
...
040 (52736218.009.000) 2025-04-07 05:20:24 Finished transferring input files
...
006 (52736218.011.000) 2025-04-07 05:20:25 Image size of job updated: 50
	50  -  MemoryUsage of job (MB)
	52064  -  ResidentSetSize of job (KB)
...
001 (52736218.014.000) 2025-04-07 05:20:25 Job executing on host: <131.225.189.244:9618?addrs=[2620-6a-0-8421-f0-0-189-244]-9618+131.225.189.244-9618&alias=cmswn2162.fnal.gov&noUDP&sock=startd_2233_3b11>
	SlotName: slot1_8@cmswn2162.fnal.gov
	CondorScratchDir = "/storage/local/data1/condor/execute/dir_3296534"
	Cpus = 1
	Disk = 20975015
	GPUs = 0
	Memory = 8192
...
001 (52736218.009.000) 2025-04-07 05:20:25 Job executing on host: <131.225.188.64:9618?addrs=[2620-6a-0-8421-f0-0-188-64]-9618+131.225.188.64-9618&alias=cmswn2036.fnal.gov&noUDP&sock=startd_2244_c69c>
	SlotName: slot1_7@cmswn2036.fnal.gov
	CondorScratchDir = "/storage/local/data1/condor/execute/dir_937901"
	Cpus = 1
	Disk = 20973182
	GPUs = 0
	Memory = 8192
...
006 (52736218.004.000) 2025-04-07 05:20:28 Image size of job updated: 46
	46  -  MemoryUsage of job (MB)
	47460  -  ResidentSetSize of job (KB)
...
040 (52736218.004.000) 2025-04-07 05:20:28 Started transferring output files
...
040 (52736218.004.000) 2025-04-07 05:20:28 Finished transferring output files
...
005 (52736218.004.000) 2025-04-07 05:20:29 Job terminated.
	(1) Normal termination (return value 1)
		Usr 0 00:00:00, Sys 0 00:00:00  -  Run Remote Usage
		Usr 0 00:00:00, Sys 0 00:00:00  -  Run Local Usage
		Usr 0 00:00:00, Sys 0 00:00:00  -  Total Remote Usage
		Usr 0 00:00:00, Sys 0 00:00:00  -  Total Local Usage
	7994  -  Run Bytes Sent By Job
	324097504  -  Run Bytes Received By Job
	7994  -  Total Bytes Sent By Job
	324097504  -  Total Bytes Received By Job
	Partitionable Resources :     Usage  Request Allocated 
	   Cpus                 :      0.00        1         1 
	   Disk (KB)            : 317303    20971520  20973177 
	   GPUs                 :                            0 
	   Memory (MB)          :     46        8192      8192 
	   TimeExecute (s)      :     25                       
	   TimeSlotBusy (s)     :     38                       

	Job terminated of its own accord at 2025-04-07T10:20:28Z with exit-code 1.
...
040 (52736218.010.000) 2025-04-07 05:20:29 Finished transferring input files
...
040 (52736218.017.000) 2025-04-07 05:20:30 Started transferring input files
	Transferring to host: <131.225.188.73:9618?addrs=[2620-6a-0-8421-f0-0-188-73]-9618+131.225.188.73-9618&alias=cmswn2038.fnal.gov&noUDP&sock=slot1_8_4145688_fb80_4608>
...
001 (52736218.010.000) 2025-04-07 05:20:30 Job executing on host: <131.225.189.62:9618?addrs=[2620-6a-0-8421-f0-0-189-62]-9618+131.225.189.62-9618&alias=cmswn2077.fnal.gov&noUDP&sock=startd_2259_1088>
	SlotName: slot1_1@cmswn2077.fnal.gov
	CondorScratchDir = "/storage/local/data1/condor/execute/dir_1604255"
	Cpus = 1
	Disk = 20973044
	GPUs = 0
	Memory = 8192
...
040 (52736218.018.000) 2025-04-07 05:20:31 Started transferring input files
	Transferring to host: <131.225.188.242:9618?addrs=[2620-6a-0-8421-f0-0-188-242]-9618+131.225.188.242-9618&alias=cmswn2074.fnal.gov&noUDP&sock=slot1_1_2614_8ca3_12640>
...
006 (52736218.012.000) 2025-04-07 05:20:33 Image size of job updated: 124
	124  -  MemoryUsage of job (MB)
	127216  -  ResidentSetSize of job (KB)
...
040 (52736218.012.000) 2025-04-07 05:20:33 Started transferring output files
...
040 (52736218.012.000) 2025-04-07 05:20:33 Finished transferring output files
...
005 (52736218.012.000) 2025-04-07 05:20:34 Job terminated.
	(1) Normal termination (return value 1)
		Usr 0 00:00:04, Sys 0 00:00:01  -  Run Remote Usage
		Usr 0 00:00:00, Sys 0 00:00:00  -  Run Local Usage
		Usr 0 00:00:04, Sys 0 00:00:01  -  Total Remote Usage
		Usr 0 00:00:00, Sys 0 00:00:00  -  Total Local Usage
	8012  -  Run Bytes Sent By Job
	324097504  -  Run Bytes Received By Job
	8012  -  Total Bytes Sent By Job
	324097504  -  Total Bytes Received By Job
	Partitionable Resources :    Usage  Request Allocated 
	   Cpus                 :        0        1         1 
	   Disk (KB)            :   317297 20971520  20975015 
	   GPUs                 :                           0 
	   Memory (MB)          :      124     8192      8192 
	   TimeExecute (s)      :       18                    
	   TimeSlotBusy (s)     :       25                    

	Job terminated of its own accord at 2025-04-07T10:20:33Z with exit-code 1.
...
040 (52736218.018.000) 2025-04-07 05:20:34 Finished transferring input files
...
040 (52736218.019.000) 2025-04-07 05:20:35 Started transferring input files
	Transferring to host: <131.225.189.244:9618?addrs=[2620-6a-0-8421-f0-0-189-244]-9618+131.225.189.244-9618&alias=cmswn2162.fnal.gov&noUDP&sock=slot1_9_2036385_33d2_2763>
...
001 (52736218.018.000) 2025-04-07 05:20:35 Job executing on host: <131.225.188.242:9618?addrs=[2620-6a-0-8421-f0-0-188-242]-9618+131.225.188.242-9618&alias=cmswn2074.fnal.gov&noUDP&sock=startd_2273_aadb>
	SlotName: slot1_1@cmswn2074.fnal.gov
	CondorScratchDir = "/storage/local/data1/condor/execute/dir_3960456"
	Cpus = 1
	Disk = 20973064
	GPUs = 0
	Memory = 8192
...
040 (52736218.013.000) 2025-04-07 05:20:37 Finished transferring input files
...
006 (52736218.009.000) 2025-04-07 05:20:37 Image size of job updated: 40
	40  -  MemoryUsage of job (MB)
	41404  -  ResidentSetSize of job (KB)
...
001 (52736218.013.000) 2025-04-07 05:20:38 Job executing on host: <131.225.189.62:9618?addrs=[2620-6a-0-8421-f0-0-189-62]-9618+131.225.189.62-9618&alias=cmswn2077.fnal.gov&noUDP&sock=startd_2259_1088>
	SlotName: slot1_16@cmswn2077.fnal.gov
	CondorScratchDir = "/storage/local/data1/condor/execute/dir_1604256"
	Cpus = 1
	Disk = 20973044
	GPUs = 0
	Memory = 8192
...
006 (52736218.011.000) 2025-04-07 05:20:41 Image size of job updated: 397
	397  -  MemoryUsage of job (MB)
	407080  -  ResidentSetSize of job (KB)
...
040 (52736218.019.000) 2025-04-07 05:20:41 Finished transferring input files
...
040 (52736218.011.000) 2025-04-07 05:20:41 Started transferring output files
...
040 (52736218.011.000) 2025-04-07 05:20:41 Finished transferring output files
...
005 (52736218.011.000) 2025-04-07 05:20:41 Job terminated.
	(1) Normal termination (return value 1)
		Usr 0 00:00:05, Sys 0 00:00:02  -  Run Remote Usage
		Usr 0 00:00:00, Sys 0 00:00:00  -  Run Local Usage
		Usr 0 00:00:05, Sys 0 00:00:02  -  Total Remote Usage
		Usr 0 00:00:00, Sys 0 00:00:00  -  Total Local Usage
	8012  -  Run Bytes Sent By Job
	324097504  -  Run Bytes Received By Job
	8012  -  Total Bytes Sent By Job
	324097504  -  Total Bytes Received By Job
	Partitionable Resources :    Usage  Request Allocated 
	   Cpus                 :        0        1         1 
	   Disk (KB)            :   317303 20971520  20974803 
	   GPUs                 :                           0 
	   Memory (MB)          :      397     8192      8192 
	   TimeExecute (s)      :       25                    
	   TimeSlotBusy (s)     :       32                    

	Job terminated of its own accord at 2025-04-07T10:20:41Z with exit-code 1.
...
001 (52736218.019.000) 2025-04-07 05:20:42 Job executing on host: <131.225.189.244:9618?addrs=[2620-6a-0-8421-f0-0-189-244]-9618+131.225.189.244-9618&alias=cmswn2162.fnal.gov&noUDP&sock=startd_2233_3b11>
	SlotName: slot1_9@cmswn2162.fnal.gov
	CondorScratchDir = "/storage/local/data1/condor/execute/dir_3297659"
	Cpus = 1
	Disk = 20975015
	GPUs = 0
	Memory = 8192
...
040 (52736218.015.000) 2025-04-07 05:20:42 Finished transferring input files
...
040 (52736218.016.000) 2025-04-07 05:20:42 Finished transferring input files
...
040 (52736218.020.000) 2025-04-07 05:20:42 Started transferring input files
	Transferring to host: <131.225.189.250:9618?addrs=[2620-6a-0-8421-f0-0-189-250]-9618+131.225.189.250-9618&alias=cmswn2163.fnal.gov&noUDP&sock=slot1_8_2665_7bc5_13197>
...
001 (52736218.015.000) 2025-04-07 05:20:43 Job executing on host: <131.225.188.22:9618?addrs=[2620-6a-0-8421-f0-0-188-22]-9618+131.225.188.22-9618&alias=cmswn2024.fnal.gov&noUDP&sock=startd_2244_c69c>
	SlotName: slot1_13@cmswn2024.fnal.gov
	CondorScratchDir = "/storage/local/data1/condor/execute/dir_3780138"
	Cpus = 1
	Disk = 20973171
	GPUs = 0
	Memory = 8192
...
040 (52736218.017.000) 2025-04-07 05:20:43 Finished transferring input files
...
001 (52736218.016.000) 2025-04-07 05:20:43 Job executing on host: <131.225.188.22:9618?addrs=[2620-6a-0-8421-f0-0-188-22]-9618+131.225.188.22-9618&alias=cmswn2024.fnal.gov&noUDP&sock=startd_2244_c69c>
	SlotName: slot1_10@cmswn2024.fnal.gov
	CondorScratchDir = "/storage/local/data1/condor/execute/dir_3780145"
	Cpus = 1
	Disk = 20973171
	GPUs = 0
	Memory = 8192
...
001 (52736218.017.000) 2025-04-07 05:20:44 Job executing on host: <131.225.188.73:9618?addrs=[2620-6a-0-8421-f0-0-188-73]-9618+131.225.188.73-9618&alias=cmswn2038.fnal.gov&noUDP&sock=startd_2231_dbe1>
	SlotName: slot1_8@cmswn2038.fnal.gov
	CondorScratchDir = "/storage/local/data1/condor/execute/dir_2383031"
	Cpus = 1
	Disk = 20973177
	GPUs = 0
	Memory = 8192
...
006 (52736218.014.000) 2025-04-07 05:20:44 Image size of job updated: 159
	159  -  MemoryUsage of job (MB)
	163724  -  ResidentSetSize of job (KB)
...
040 (52736218.014.000) 2025-04-07 05:20:44 Started transferring output files
...
040 (52736218.014.000) 2025-04-07 05:20:44 Finished transferring output files
...
005 (52736218.014.000) 2025-04-07 05:20:45 Job terminated.
	(1) Normal termination (return value 1)
		Usr 0 00:00:05, Sys 0 00:00:01  -  Run Remote Usage
		Usr 0 00:00:00, Sys 0 00:00:00  -  Run Local Usage
		Usr 0 00:00:05, Sys 0 00:00:01  -  Total Remote Usage
		Usr 0 00:00:00, Sys 0 00:00:00  -  Total Local Usage
	8024  -  Run Bytes Sent By Job
	324097504  -  Run Bytes Received By Job
	8024  -  Total Bytes Sent By Job
	324097504  -  Total Bytes Received By Job
	Partitionable Resources :     Usage  Request Allocated 
	   Cpus                 :      0.12        1         1 
	   Disk (KB)            : 317297    20971520  20975015 
	   GPUs                 :                            0 
	   Memory (MB)          :    159        8192      8192 
	   TimeExecute (s)      :     19                       
	   TimeSlotBusy (s)     :     28                       

	Job terminated of its own accord at 2025-04-07T10:20:44Z with exit-code 1.
...
040 (52736218.021.000) 2025-04-07 05:20:46 Started transferring input files
	Transferring to host: <131.225.189.244:9618?addrs=[2620-6a-0-8421-f0-0-189-244]-9618+131.225.189.244-9618&alias=cmswn2162.fnal.gov&noUDP&sock=slot1_8_2036385_33d2_2764>
...
040 (52736218.020.000) 2025-04-07 05:20:47 Finished transferring input files
...
001 (52736218.020.000) 2025-04-07 05:20:48 Job executing on host: <131.225.189.250:9618?addrs=[2620-6a-0-8421-f0-0-189-250]-9618+131.225.189.250-9618&alias=cmswn2163.fnal.gov&noUDP&sock=startd_2333_d28a>
	SlotName: slot1_8@cmswn2163.fnal.gov
	CondorScratchDir = "/storage/local/data1/condor/execute/dir_2861033"
	Cpus = 1
	Disk = 20974803
	GPUs = 0
	Memory = 8192
...
040 (52736218.021.000) 2025-04-07 05:20:50 Finished transferring input files
...
006 (52736218.019.000) 2025-04-07 05:20:50 Image size of job updated: 53
	53  -  MemoryUsage of job (MB)
	54488  -  ResidentSetSize of job (KB)
...
001 (52736218.021.000) 2025-04-07 05:20:51 Job executing on host: <131.225.189.244:9618?addrs=[2620-6a-0-8421-f0-0-189-244]-9618+131.225.189.244-9618&alias=cmswn2162.fnal.gov&noUDP&sock=startd_2233_3b11>
	SlotName: slot1_8@cmswn2162.fnal.gov
	CondorScratchDir = "/storage/local/data1/condor/execute/dir_3298359"
	Cpus = 1
	Disk = 20975015
	GPUs = 0
	Memory = 8192
...
040 (52736218.022.000) 2025-04-07 05:20:52 Started transferring input files
	Transferring to host: <131.225.189.19:9618?addrs=[2620-6a-0-8421-f0-0-189-19]-9618+131.225.189.19-9618&alias=cmswn2082.fnal.gov&noUDP&sock=slot1_8_3311_a620_13903>
...
040 (52736218.023.000) 2025-04-07 05:20:52 Started transferring input files
	Transferring to host: <131.225.189.19:9618?addrs=[2620-6a-0-8421-f0-0-189-19]-9618+131.225.189.19-9618&alias=cmswn2082.fnal.gov&noUDP&sock=slot1_28_3311_a620_13904>
...
006 (52736218.016.000) 2025-04-07 05:20:55 Image size of job updated: 54
	54  -  MemoryUsage of job (MB)
	55912  -  ResidentSetSize of job (KB)
...
006 (52736218.019.000) 2025-04-07 05:20:56 Image size of job updated: 170
	170  -  MemoryUsage of job (MB)
	174196  -  ResidentSetSize of job (KB)
...
040 (52736218.019.000) 2025-04-07 05:20:56 Started transferring output files
...
040 (52736218.019.000) 2025-04-07 05:20:56 Finished transferring output files
...
005 (52736218.019.000) 2025-04-07 05:20:57 Job terminated.
	(1) Normal termination (return value 1)
		Usr 0 00:00:05, Sys 0 00:00:01  -  Run Remote Usage
		Usr 0 00:00:00, Sys 0 00:00:00  -  Run Local Usage
		Usr 0 00:00:05, Sys 0 00:00:01  -  Total Remote Usage
		Usr 0 00:00:00, Sys 0 00:00:00  -  Total Local Usage
	8030  -  Run Bytes Sent By Job
	324097504  -  Run Bytes Received By Job
	8030  -  Total Bytes Sent By Job
	324097504  -  Total Bytes Received By Job
	Partitionable Resources :     Usage  Request Allocated 
	   Cpus                 :      0.07        1         1 
	   Disk (KB)            : 317297    20971520  20975015 
	   GPUs                 :                            0 
	   Memory (MB)          :    170        8192      8192 
	   TimeExecute (s)      :     14                       
	   TimeSlotBusy (s)     :     22                       

	Job terminated of its own accord at 2025-04-07T10:20:56Z with exit-code 1.
...
006 (52736218.020.000) 2025-04-07 05:20:57 Image size of job updated: 51
	51  -  MemoryUsage of job (MB)
	52356  -  ResidentSetSize of job (KB)
...
040 (52736218.024.000) 2025-04-07 05:20:58 Started transferring input files
	Transferring to host: <131.225.189.244:9618?addrs=[2620-6a-0-8421-f0-0-189-244]-9618+131.225.189.244-9618&alias=cmswn2162.fnal.gov&noUDP&sock=slot1_9_2036385_33d2_2765>
...
006 (52736218.008.000) 2025-04-07 05:20:59 Image size of job updated: 94
	94  -  MemoryUsage of job (MB)
	97064  -  ResidentSetSize of job (KB)
...
040 (52736218.008.000) 2025-04-07 05:20:59 Started transferring output files
...
040 (52736218.008.000) 2025-04-07 05:20:59 Finished transferring output files
...
006 (52736218.021.000) 2025-04-07 05:20:59 Image size of job updated: 45
	45  -  MemoryUsage of job (MB)
	46296  -  ResidentSetSize of job (KB)
...
005 (52736218.008.000) 2025-04-07 05:20:59 Job terminated.
	(1) Normal termination (return value 1)
		Usr 0 00:00:00, Sys 0 00:00:00  -  Run Remote Usage
		Usr 0 00:00:00, Sys 0 00:00:00  -  Run Local Usage
		Usr 0 00:00:00, Sys 0 00:00:00  -  Total Remote Usage
		Usr 0 00:00:00, Sys 0 00:00:00  -  Total Local Usage
	8002  -  Run Bytes Sent By Job
	324097504  -  Run Bytes Received By Job
	8002  -  Total Bytes Sent By Job
	324097504  -  Total Bytes Received By Job
	Partitionable Resources :    Usage  Request Allocated 
	   Cpus                 :        0        1         1 
	   Disk (KB)            :   317302 20971520  20973063 
	   GPUs                 :                           0 
	   Memory (MB)          :       94     8192      8192 
	   TimeExecute (s)      :       47                    
	   TimeSlotBusy (s)     :       51                    

	Job terminated of its own accord at 2025-04-07T10:20:59Z with exit-code 1.
...
040 (52736218.025.000) 2025-04-07 05:21:01 Started transferring input files
	Transferring to host: <131.225.188.112:9618?addrs=[2620-6a-0-8421-f0-0-188-112]-9618+131.225.188.112-9618&alias=cmswn2048.fnal.gov&noUDP&sock=slot1_12_2589425_e9ab_3710>
...
040 (52736218.025.000) 2025-04-07 05:21:04 Finished transferring input files
...
006 (52736218.020.000) 2025-04-07 05:21:04 Image size of job updated: 106
	106  -  MemoryUsage of job (MB)
	108972  -  ResidentSetSize of job (KB)
...
040 (52736218.020.000) 2025-04-07 05:21:04 Started transferring output files
...
040 (52736218.020.000) 2025-04-07 05:21:04 Finished transferring output files
...
005 (52736218.020.000) 2025-04-07 05:21:05 Job terminated.
	(1) Normal termination (return value 1)
		Usr 0 00:00:04, Sys 0 00:00:02  -  Run Remote Usage
		Usr 0 00:00:00, Sys 0 00:00:00  -  Run Local Usage
		Usr 0 00:00:04, Sys 0 00:00:02  -  Total Remote Usage
		Usr 0 00:00:00, Sys 0 00:00:00  -  Total Local Usage
	8000  -  Run Bytes Sent By Job
	324097504  -  Run Bytes Received By Job
	8000  -  Total Bytes Sent By Job
	324097504  -  Total Bytes Received By Job
	Partitionable Resources :     Usage  Request Allocated 
	   Cpus                 :      0.00        1         1 
	   Disk (KB)            : 317304    20971520  20974803 
	   GPUs                 :                            0 
	   Memory (MB)          :    106        8192      8192 
	   TimeExecute (s)      :     16                       
	   TimeSlotBusy (s)     :     23                       

	Job terminated of its own accord at 2025-04-07T10:21:04Z with exit-code 1.
...
001 (52736218.025.000) 2025-04-07 05:21:05 Job executing on host: <131.225.188.112:9618?addrs=[2620-6a-0-8421-f0-0-188-112]-9618+131.225.188.112-9618&alias=cmswn2048.fnal.gov&noUDP&sock=startd_2247_d565>
	SlotName: slot1_12@cmswn2048.fnal.gov
	CondorScratchDir = "/storage/local/data1/condor/execute/dir_3201186"
	Cpus = 1
	Disk = 20973063
	GPUs = 0
	Memory = 8192
...
040 (52736218.026.000) 2025-04-07 05:21:06 Started transferring input files
	Transferring to host: <131.225.189.250:9618?addrs=[2620-6a-0-8421-f0-0-189-250]-9618+131.225.189.250-9618&alias=cmswn2163.fnal.gov&noUDP&sock=slot1_8_2665_7bc5_13199>
...
040 (52736218.024.000) 2025-04-07 05:21:07 Finished transferring input files
...
001 (52736218.024.000) 2025-04-07 05:21:08 Job executing on host: <131.225.189.244:9618?addrs=[2620-6a-0-8421-f0-0-189-244]-9618+131.225.189.244-9618&alias=cmswn2162.fnal.gov&noUDP&sock=startd_2233_3b11>
	SlotName: slot1_9@cmswn2162.fnal.gov
	CondorScratchDir = "/storage/local/data1/condor/execute/dir_3299478"
	Cpus = 1
	Disk = 20975015
	GPUs = 0
	Memory = 8192
...
006 (52736218.021.000) 2025-04-07 05:21:08 Image size of job updated: 162
	162  -  MemoryUsage of job (MB)
	166060  -  ResidentSetSize of job (KB)
...
040 (52736218.021.000) 2025-04-07 05:21:08 Started transferring output files
...
040 (52736218.021.000) 2025-04-07 05:21:08 Finished transferring output files
...
040 (52736218.023.000) 2025-04-07 05:21:08 Finished transferring input files
...
040 (52736218.022.000) 2025-04-07 05:21:08 Finished transferring input files
...
005 (52736218.021.000) 2025-04-07 05:21:09 Job terminated.
	(1) Normal termination (return value 1)
		Usr 0 00:00:01, Sys 0 00:00:00  -  Run Remote Usage
		Usr 0 00:00:00, Sys 0 00:00:00  -  Run Local Usage
		Usr 0 00:00:01, Sys 0 00:00:00  -  Total Remote Usage
		Usr 0 00:00:00, Sys 0 00:00:00  -  Total Local Usage
	7860  -  Run Bytes Sent By Job
	324097504  -  Run Bytes Received By Job
	7860  -  Total Bytes Sent By Job
	324097504  -  Total Bytes Received By Job
	Partitionable Resources :    Usage  Request Allocated 
	   Cpus                 :        0        1         1 
	   Disk (KB)            :   317297 20971520  20975015 
	   GPUs                 :                           0 
	   Memory (MB)          :      162     8192      8192 
	   TimeExecute (s)      :       17                    
	   TimeSlotBusy (s)     :       23                    

	Job terminated of its own accord at 2025-04-07T10:21:08Z with exit-code 1.
...
006 (52736218.016.000) 2025-04-07 05:21:09 Image size of job updated: 165
	165  -  MemoryUsage of job (MB)
	169368  -  ResidentSetSize of job (KB)
...
040 (52736218.016.000) 2025-04-07 05:21:09 Started transferring output files
...
040 (52736218.016.000) 2025-04-07 05:21:09 Finished transferring output files
...
001 (52736218.023.000) 2025-04-07 05:21:09 Job executing on host: <131.225.189.19:9618?addrs=[2620-6a-0-8421-f0-0-189-19]-9618+131.225.189.19-9618&alias=cmswn2082.fnal.gov&noUDP&sock=startd_2275_0a0c>
	SlotName: slot1_28@cmswn2082.fnal.gov
	CondorScratchDir = "/storage/local/data1/condor/execute/dir_1791043"
	Cpus = 1
	Disk = 20973061
	GPUs = 0
	Memory = 8192
...
001 (52736218.022.000) 2025-04-07 05:21:09 Job executing on host: <131.225.189.19:9618?addrs=[2620-6a-0-8421-f0-0-189-19]-9618+131.225.189.19-9618&alias=cmswn2082.fnal.gov&noUDP&sock=startd_2275_0a0c>
	SlotName: slot1_8@cmswn2082.fnal.gov
	CondorScratchDir = "/storage/local/data1/condor/execute/dir_1791042"
	Cpus = 1
	Disk = 20973061
	GPUs = 0
	Memory = 8192
...
040 (52736218.027.000) 2025-04-07 05:21:10 Started transferring input files
	Transferring to host: <131.225.189.244:9618?addrs=[2620-6a-0-8421-f0-0-189-244]-9618+131.225.189.244-9618&alias=cmswn2162.fnal.gov&noUDP&sock=slot1_8_2036385_33d2_2766>
...
040 (52736218.026.000) 2025-04-07 05:21:11 Finished transferring input files
...
006 (52736218.015.000) 2025-04-07 05:21:12 Image size of job updated: 50
	50  -  MemoryUsage of job (MB)
	51288  -  ResidentSetSize of job (KB)
...
005 (52736218.016.000) 2025-04-07 05:21:12 Job terminated.
	(1) Normal termination (return value 1)
		Usr 0 00:00:01, Sys 0 00:00:00  -  Run Remote Usage
		Usr 0 00:00:00, Sys 0 00:00:00  -  Run Local Usage
		Usr 0 00:00:01, Sys 0 00:00:00  -  Total Remote Usage
		Usr 0 00:00:00, Sys 0 00:00:00  -  Total Local Usage
	8024  -  Run Bytes Sent By Job
	324097504  -  Run Bytes Received By Job
	8024  -  Total Bytes Sent By Job
	324097504  -  Total Bytes Received By Job
	Partitionable Resources :     Usage  Request Allocated 
	   Cpus                 :      0.12        1         1 
	   Disk (KB)            : 317301    20971520  20973171 
	   GPUs                 :                            0 
	   Memory (MB)          :    165        8192      8192 
	   TimeExecute (s)      :     26                       
	   TimeSlotBusy (s)     :     48                       

	Job terminated of its own accord at 2025-04-07T10:21:09Z with exit-code 1.
...
040 (52736218.015.000) 2025-04-07 05:21:12 Started transferring output files
...
040 (52736218.015.000) 2025-04-07 05:21:12 Finished transferring output files
...
006 (52736218.017.000) 2025-04-07 05:21:12 Image size of job updated: 58
	58  -  MemoryUsage of job (MB)
	59988  -  ResidentSetSize of job (KB)
...
040 (52736218.017.000) 2025-04-07 05:21:12 Started transferring output files
...
040 (52736218.017.000) 2025-04-07 05:21:12 Finished transferring output files
...
001 (52736218.026.000) 2025-04-07 05:21:12 Job executing on host: <131.225.189.250:9618?addrs=[2620-6a-0-8421-f0-0-189-250]-9618+131.225.189.250-9618&alias=cmswn2163.fnal.gov&noUDP&sock=startd_2333_d28a>
	SlotName: slot1_8@cmswn2163.fnal.gov
	CondorScratchDir = "/storage/local/data1/condor/execute/dir_2862148"
	Cpus = 1
	Disk = 20974803
	GPUs = 0
	Memory = 8192
...
005 (52736218.017.000) 2025-04-07 05:21:12 Job terminated.
	(1) Normal termination (return value 1)
		Usr 0 00:00:00, Sys 0 00:00:00  -  Run Remote Usage
		Usr 0 00:00:00, Sys 0 00:00:00  -  Run Local Usage
		Usr 0 00:00:00, Sys 0 00:00:00  -  Total Remote Usage
		Usr 0 00:00:00, Sys 0 00:00:00  -  Total Local Usage
	8024  -  Run Bytes Sent By Job
	324097504  -  Run Bytes Received By Job
	8024  -  Total Bytes Sent By Job
	324097504  -  Total Bytes Received By Job
	Partitionable Resources :     Usage  Request Allocated 
	   Cpus                 :      0.19        1         1 
	   Disk (KB)            : 317303    20971520  20973177 
	   GPUs                 :                            0 
	   Memory (MB)          :     58        8192      8192 
	   TimeExecute (s)      :     28                       
	   TimeSlotBusy (s)     :     42                       

	Job terminated of its own accord at 2025-04-07T10:21:12Z with exit-code 1.
...
040 (52736218.028.000) 2025-04-07 05:21:13 Started transferring input files
	Transferring to host: <131.225.188.22:9618?addrs=[2620-6a-0-8421-f0-0-188-22]-9618+131.225.188.22-9618&alias=cmswn2024.fnal.gov&noUDP&sock=slot1_10_2288_da56_11086>
...
040 (52736218.029.000) 2025-04-07 05:21:13 Started transferring input files
	Transferring to host: <131.225.188.73:9618?addrs=[2620-6a-0-8421-f0-0-188-73]-9618+131.225.188.73-9618&alias=cmswn2038.fnal.gov&noUDP&sock=slot1_8_4145688_fb80_4609>
...
005 (52736218.015.000) 2025-04-07 05:21:14 Job terminated.
	(1) Normal termination (return value 1)
		Usr 0 00:00:00, Sys 0 00:00:00  -  Run Remote Usage
		Usr 0 00:00:00, Sys 0 00:00:00  -  Run Local Usage
		Usr 0 00:00:00, Sys 0 00:00:00  -  Total Remote Usage
		Usr 0 00:00:00, Sys 0 00:00:00  -  Total Local Usage
	8024  -  Run Bytes Sent By Job
	324097504  -  Run Bytes Received By Job
	8024  -  Total Bytes Sent By Job
	324097504  -  Total Bytes Received By Job
	Partitionable Resources :     Usage  Request Allocated 
	   Cpus                 :      0.12        1         1 
	   Disk (KB)            : 317301    20971520  20973171 
	   GPUs                 :                            0 
	   Memory (MB)          :     50        8192      8192 
	   TimeExecute (s)      :     29                       
	   TimeSlotBusy (s)     :     50                       

	Job terminated of its own accord at 2025-04-07T10:21:12Z with exit-code 1.
...
040 (52736218.030.000) 2025-04-07 05:21:15 Started transferring input files
	Transferring to host: <131.225.188.22:9618?addrs=[2620-6a-0-8421-f0-0-188-22]-9618+131.225.188.22-9618&alias=cmswn2024.fnal.gov&noUDP&sock=slot1_13_2288_da56_11087>
...
040 (52736218.027.000) 2025-04-07 05:21:16 Finished transferring input files
...
006 (52736218.024.000) 2025-04-07 05:21:17 Image size of job updated: 40
	40  -  MemoryUsage of job (MB)
	41792  -  ResidentSetSize of job (KB)
...
001 (52736218.027.000) 2025-04-07 05:21:17 Job executing on host: <131.225.189.244:9618?addrs=[2620-6a-0-8421-f0-0-189-244]-9618+131.225.189.244-9618&alias=cmswn2162.fnal.gov&noUDP&sock=startd_2233_3b11>
	SlotName: slot1_8@cmswn2162.fnal.gov
	CondorScratchDir = "/storage/local/data1/condor/execute/dir_3299847"
	Cpus = 1
	Disk = 20975015
	GPUs = 0
	Memory = 8192
...
006 (52736218.026.000) 2025-04-07 05:21:21 Image size of job updated: 50
	50  -  MemoryUsage of job (MB)
	52060  -  ResidentSetSize of job (KB)
...
040 (52736218.029.000) 2025-04-07 05:21:21 Finished transferring input files
...
001 (52736218.029.000) 2025-04-07 05:21:22 Job executing on host: <131.225.188.73:9618?addrs=[2620-6a-0-8421-f0-0-188-73]-9618+131.225.188.73-9618&alias=cmswn2038.fnal.gov&noUDP&sock=startd_2231_dbe1>
	SlotName: slot1_8@cmswn2038.fnal.gov
	CondorScratchDir = "/storage/local/data1/condor/execute/dir_2384362"
	Cpus = 1
	Disk = 20973177
	GPUs = 0
	Memory = 8192
...
006 (52736218.024.000) 2025-04-07 05:21:23 Image size of job updated: 68
	68  -  MemoryUsage of job (MB)
	70388  -  ResidentSetSize of job (KB)
...
040 (52736218.024.000) 2025-04-07 05:21:24 Started transferring output files
...
040 (52736218.024.000) 2025-04-07 05:21:24 Finished transferring output files
...
005 (52736218.024.000) 2025-04-07 05:21:24 Job terminated.
	(1) Normal termination (return value 1)
		Usr 0 00:00:04, Sys 0 00:00:01  -  Run Remote Usage
		Usr 0 00:00:00, Sys 0 00:00:00  -  Run Local Usage
		Usr 0 00:00:04, Sys 0 00:00:01  -  Total Remote Usage
		Usr 0 00:00:00, Sys 0 00:00:00  -  Total Local Usage
	7860  -  Run Bytes Sent By Job
	324097504  -  Run Bytes Received By Job
	7860  -  Total Bytes Sent By Job
	324097504  -  Total Bytes Received By Job
	Partitionable Resources :     Usage  Request Allocated 
	   Cpus                 :      0.01        1         1 
	   Disk (KB)            : 317297    20971520  20975015 
	   GPUs                 :                            0 
	   Memory (MB)          :     68        8192      8192 
	   TimeExecute (s)      :     15                       
	   TimeSlotBusy (s)     :     26                       

	Job terminated of its own accord at 2025-04-07T10:21:23Z with exit-code 1.
...
040 (52736218.031.000) 2025-04-07 05:21:25 Started transferring input files
	Transferring to host: <131.225.189.244:9618?addrs=[2620-6a-0-8421-f0-0-189-244]-9618+131.225.189.244-9618&alias=cmswn2162.fnal.gov&noUDP&sock=slot1_9_2036385_33d2_2767>
...
006 (52736218.007.000) 2025-04-07 05:21:26 Image size of job updated: 233
	233  -  MemoryUsage of job (MB)
	238772  -  ResidentSetSize of job (KB)
...
006 (52736218.027.000) 2025-04-07 05:21:26 Image size of job updated: 48
	48  -  MemoryUsage of job (MB)
	50076  -  ResidentSetSize of job (KB)
...
040 (52736218.031.000) 2025-04-07 05:21:28 Finished transferring input files
...
001 (52736218.031.000) 2025-04-07 05:21:29 Job executing on host: <131.225.189.244:9618?addrs=[2620-6a-0-8421-f0-0-189-244]-9618+131.225.189.244-9618&alias=cmswn2162.fnal.gov&noUDP&sock=startd_2233_3b11>
	SlotName: slot1_9@cmswn2162.fnal.gov
	CondorScratchDir = "/storage/local/data1/condor/execute/dir_3300933"
	Cpus = 1
	Disk = 20975015
	GPUs = 0
	Memory = 8192
...
006 (52736218.026.000) 2025-04-07 05:21:29 Image size of job updated: 114
	114  -  MemoryUsage of job (MB)
	116832  -  ResidentSetSize of job (KB)
...
040 (52736218.026.000) 2025-04-07 05:21:29 Started transferring output files
...
040 (52736218.026.000) 2025-04-07 05:21:29 Finished transferring output files
...
005 (52736218.026.000) 2025-04-07 05:21:30 Job terminated.
	(1) Normal termination (return value 1)
		Usr 0 00:00:05, Sys 0 00:00:02  -  Run Remote Usage
		Usr 0 00:00:00, Sys 0 00:00:00  -  Run Local Usage
		Usr 0 00:00:05, Sys 0 00:00:02  -  Total Remote Usage
		Usr 0 00:00:00, Sys 0 00:00:00  -  Total Local Usage
	7836  -  Run Bytes Sent By Job
	324097504  -  Run Bytes Received By Job
	7836  -  Total Bytes Sent By Job
	324097504  -  Total Bytes Received By Job
	Partitionable Resources :    Usage  Request Allocated 
	   Cpus                 :        0        1         1 
	   Disk (KB)            :   317303 20971520  20974803 
	   GPUs                 :                           0 
	   Memory (MB)          :      114     8192      8192 
	   TimeExecute (s)      :       17                    
	   TimeSlotBusy (s)     :       24                    

	Job terminated of its own accord at 2025-04-07T10:21:29Z with exit-code 1.
...
040 (52736218.032.000) 2025-04-07 05:21:31 Started transferring input files
	Transferring to host: <131.225.189.250:9618?addrs=[2620-6a-0-8421-f0-0-189-250]-9618+131.225.189.250-9618&alias=cmswn2163.fnal.gov&noUDP&sock=slot1_8_2665_7bc5_13200>
...
006 (52736218.027.000) 2025-04-07 05:21:32 Image size of job updated: 172
	172  -  MemoryUsage of job (MB)
	176996  -  ResidentSetSize of job (KB)
...
040 (52736218.027.000) 2025-04-07 05:21:32 Started transferring output files
...
040 (52736218.027.000) 2025-04-07 05:21:32 Finished transferring output files
...
005 (52736218.027.000) 2025-04-07 05:21:32 Job terminated.
	(1) Normal termination (return value 1)
		Usr 0 00:00:05, Sys 0 00:00:02  -  Run Remote Usage
		Usr 0 00:00:00, Sys 0 00:00:00  -  Run Local Usage
		Usr 0 00:00:05, Sys 0 00:00:02  -  Total Remote Usage
		Usr 0 00:00:00, Sys 0 00:00:00  -  Total Local Usage
	7836  -  Run Bytes Sent By Job
	324097504  -  Run Bytes Received By Job
	7836  -  Total Bytes Sent By Job
	324097504  -  Total Bytes Received By Job
	Partitionable Resources :     Usage  Request Allocated 
	   Cpus                 :      0.01        1         1 
	   Disk (KB)            : 317297    20971520  20975015 
	   GPUs                 :                            0 
	   Memory (MB)          :    172        8192      8192 
	   TimeExecute (s)      :     15                       
	   TimeSlotBusy (s)     :     22                       

	Job terminated of its own accord at 2025-04-07T10:21:32Z with exit-code 1.
...
040 (52736218.033.000) 2025-04-07 05:21:33 Started transferring input files
	Transferring to host: <131.225.189.244:9618?addrs=[2620-6a-0-8421-f0-0-189-244]-9618+131.225.189.244-9618&alias=cmswn2162.fnal.gov&noUDP&sock=slot1_8_2036385_33d2_2768>
...
040 (52736218.028.000) 2025-04-07 05:21:34 Finished transferring input files
...
040 (52736218.032.000) 2025-04-07 05:21:34 Finished transferring input files
...
001 (52736218.028.000) 2025-04-07 05:21:35 Job executing on host: <131.225.188.22:9618?addrs=[2620-6a-0-8421-f0-0-188-22]-9618+131.225.188.22-9618&alias=cmswn2024.fnal.gov&noUDP&sock=startd_2244_c69c>
	SlotName: slot1_10@cmswn2024.fnal.gov
	CondorScratchDir = "/storage/local/data1/condor/execute/dir_3782049"
	Cpus = 1
	Disk = 20973171
	GPUs = 0
	Memory = 8192
...
001 (52736218.032.000) 2025-04-07 05:21:35 Job executing on host: <131.225.189.250:9618?addrs=[2620-6a-0-8421-f0-0-189-250]-9618+131.225.189.250-9618&alias=cmswn2163.fnal.gov&noUDP&sock=startd_2333_d28a>
	SlotName: slot1_8@cmswn2163.fnal.gov
	CondorScratchDir = "/storage/local/data1/condor/execute/dir_2863083"
	Cpus = 1
	Disk = 20974803
	GPUs = 0
	Memory = 8192
...
040 (52736218.030.000) 2025-04-07 05:21:35 Finished transferring input files
...
006 (52736218.013.000) 2025-04-07 05:21:36 Image size of job updated: 159
	159  -  MemoryUsage of job (MB)
	163628  -  ResidentSetSize of job (KB)
...
006 (52736218.010.000) 2025-04-07 05:21:36 Image size of job updated: 296
	296  -  MemoryUsage of job (MB)
	303516  -  ResidentSetSize of job (KB)
...
040 (52736218.010.000) 2025-04-07 05:21:36 Started transferring output files
...
040 (52736218.013.000) 2025-04-07 05:21:36 Started transferring output files
...
040 (52736218.010.000) 2025-04-07 05:21:36 Finished transferring output files
...
040 (52736218.013.000) 2025-04-07 05:21:36 Finished transferring output files
...
005 (52736218.013.000) 2025-04-07 05:21:37 Job terminated.
	(1) Normal termination (return value 1)
		Usr 0 00:00:00, Sys 0 00:00:00  -  Run Remote Usage
		Usr 0 00:00:00, Sys 0 00:00:00  -  Run Local Usage
		Usr 0 00:00:00, Sys 0 00:00:00  -  Total Remote Usage
		Usr 0 00:00:00, Sys 0 00:00:00  -  Total Local Usage
	8018  -  Run Bytes Sent By Job
	324097504  -  Run Bytes Received By Job
	8018  -  Total Bytes Sent By Job
	324097504  -  Total Bytes Received By Job
	Partitionable Resources :     Usage  Request Allocated 
	   Cpus                 :      0.17        1         1 
	   Disk (KB)            : 317303    20971520  20973044 
	   GPUs                 :                            0 
	   Memory (MB)          :    159        8192      8192 
	   TimeExecute (s)      :     58                       
	   TimeSlotBusy (s)     :     87                       

	Job terminated of its own accord at 2025-04-07T10:21:36Z with exit-code 1.
...
005 (52736218.010.000) 2025-04-07 05:21:37 Job terminated.
	(1) Normal termination (return value 1)
		Usr 0 00:00:00, Sys 0 00:00:00  -  Run Remote Usage
		Usr 0 00:00:00, Sys 0 00:00:00  -  Run Local Usage
		Usr 0 00:00:00, Sys 0 00:00:00  -  Total Remote Usage
		Usr 0 00:00:00, Sys 0 00:00:00  -  Total Local Usage
	8012  -  Run Bytes Sent By Job
	324097504  -  Run Bytes Received By Job
	8012  -  Total Bytes Sent By Job
	324097504  -  Total Bytes Received By Job
	Partitionable Resources :     Usage  Request Allocated 
	   Cpus                 :      0.00        1         1 
	   Disk (KB)            : 317303    20971520  20973044 
	   GPUs                 :                            0 
	   Memory (MB)          :    296        8192      8192 
	   TimeExecute (s)      :     66                       
	   TimeSlotBusy (s)     :     88                       

	Job terminated of its own accord at 2025-04-07T10:21:36Z with exit-code 1.
...
006 (52736218.031.000) 2025-04-07 05:21:37 Image size of job updated: 42
	42  -  MemoryUsage of job (MB)
	43224  -  ResidentSetSize of job (KB)
...
001 (52736218.030.000) 2025-04-07 05:21:37 Job executing on host: <131.225.188.22:9618?addrs=[2620-6a-0-8421-f0-0-188-22]-9618+131.225.188.22-9618&alias=cmswn2024.fnal.gov&noUDP&sock=startd_2244_c69c>
	SlotName: slot1_13@cmswn2024.fnal.gov
	CondorScratchDir = "/storage/local/data1/condor/execute/dir_3782057"
	Cpus = 1
	Disk = 20973171
	GPUs = 0
	Memory = 8192
...
040 (52736218.035.000) 2025-04-07 05:21:38 Started transferring input files
	Transferring to host: <131.225.189.62:9618?addrs=[2620-6a-0-8421-f0-0-189-62]-9618+131.225.189.62-9618&alias=cmswn2077.fnal.gov&noUDP&sock=slot1_16_116905_e5eb_5829>
...
040 (52736218.036.000) 2025-04-07 05:21:38 Started transferring input files
	Transferring to host: <131.225.189.62:9618?addrs=[2620-6a-0-8421-f0-0-189-62]-9618+131.225.189.62-9618&alias=cmswn2077.fnal.gov&noUDP&sock=slot1_1_116905_e5eb_5830>
...
040 (52736218.033.000) 2025-04-07 05:21:38 Finished transferring input files
...
006 (52736218.009.000) 2025-04-07 05:21:38 Image size of job updated: 133
	133  -  MemoryUsage of job (MB)
	136692  -  ResidentSetSize of job (KB)
...
001 (52736218.033.000) 2025-04-07 05:21:39 Job executing on host: <131.225.189.244:9618?addrs=[2620-6a-0-8421-f0-0-189-244]-9618+131.225.189.244-9618&alias=cmswn2162.fnal.gov&noUDP&sock=startd_2233_3b11>
	SlotName: slot1_8@cmswn2162.fnal.gov
	CondorScratchDir = "/storage/local/data1/condor/execute/dir_3301381"
	Cpus = 1
	Disk = 20975015
	GPUs = 0
	Memory = 8192
...
006 (52736218.031.000) 2025-04-07 05:21:43 Image size of job updated: 163
	163  -  MemoryUsage of job (MB)
	167124  -  ResidentSetSize of job (KB)
...
040 (52736218.031.000) 2025-04-07 05:21:43 Started transferring output files
...
040 (52736218.031.000) 2025-04-07 05:21:43 Finished transferring output files
...
005 (52736218.031.000) 2025-04-07 05:21:44 Job terminated.
	(1) Normal termination (return value 1)
		Usr 0 00:00:05, Sys 0 00:00:01  -  Run Remote Usage
		Usr 0 00:00:00, Sys 0 00:00:00  -  Run Local Usage
		Usr 0 00:00:05, Sys 0 00:00:01  -  Total Remote Usage
		Usr 0 00:00:00, Sys 0 00:00:00  -  Total Local Usage
	7976  -  Run Bytes Sent By Job
	324097504  -  Run Bytes Received By Job
	7976  -  Total Bytes Sent By Job
	324097504  -  Total Bytes Received By Job
	Partitionable Resources :     Usage  Request Allocated 
	   Cpus                 :      0.09        1         1 
	   Disk (KB)            : 317297    20971520  20975015 
	   GPUs                 :                            0 
	   Memory (MB)          :    163        8192      8192 
	   TimeExecute (s)      :     14                       
	   TimeSlotBusy (s)     :     19                       

	Job terminated of its own accord at 2025-04-07T10:21:43Z with exit-code 1.
...
006 (52736218.032.000) 2025-04-07 05:21:44 Image size of job updated: 55
	55  -  MemoryUsage of job (MB)
	56628  -  ResidentSetSize of job (KB)
...
040 (52736218.037.000) 2025-04-07 05:21:45 Started transferring input files
	Transferring to host: <131.225.189.244:9618?addrs=[2620-6a-0-8421-f0-0-189-244]-9618+131.225.189.244-9618&alias=cmswn2162.fnal.gov&noUDP&sock=slot1_9_2036385_33d2_2769>
...
006 (52736218.018.000) 2025-04-07 05:21:46 Image size of job updated: 273
	273  -  MemoryUsage of job (MB)
	280048  -  ResidentSetSize of job (KB)
...
040 (52736218.036.000) 2025-04-07 05:21:47 Finished transferring input files
...
040 (52736218.035.000) 2025-04-07 05:21:47 Finished transferring input files
...
006 (52736218.033.000) 2025-04-07 05:21:48 Image size of job updated: 42
	42  -  MemoryUsage of job (MB)
	43224  -  ResidentSetSize of job (KB)
...
040 (52736218.037.000) 2025-04-07 05:21:48 Finished transferring input files
...
001 (52736218.036.000) 2025-04-07 05:21:48 Job executing on host: <131.225.189.62:9618?addrs=[2620-6a-0-8421-f0-0-189-62]-9618+131.225.189.62-9618&alias=cmswn2077.fnal.gov&noUDP&sock=startd_2259_1088>
	SlotName: slot1_1@cmswn2077.fnal.gov
	CondorScratchDir = "/storage/local/data1/condor/execute/dir_1606746"
	Cpus = 1
	Disk = 20973044
	GPUs = 0
	Memory = 8192
...
001 (52736218.035.000) 2025-04-07 05:21:48 Job executing on host: <131.225.189.62:9618?addrs=[2620-6a-0-8421-f0-0-189-62]-9618+131.225.189.62-9618&alias=cmswn2077.fnal.gov&noUDP&sock=startd_2259_1088>
	SlotName: slot1_16@cmswn2077.fnal.gov
	CondorScratchDir = "/storage/local/data1/condor/execute/dir_1606745"
	Cpus = 1
	Disk = 20973044
	GPUs = 0
	Memory = 8192
...
001 (52736218.037.000) 2025-04-07 05:21:49 Job executing on host: <131.225.189.244:9618?addrs=[2620-6a-0-8421-f0-0-189-244]-9618+131.225.189.244-9618&alias=cmswn2162.fnal.gov&noUDP&sock=startd_2233_3b11>
	SlotName: slot1_9@cmswn2162.fnal.gov
	CondorScratchDir = "/storage/local/data1/condor/execute/dir_3302207"
	Cpus = 1
	Disk = 20975015
	GPUs = 0
	Memory = 8192
...
006 (52736218.029.000) 2025-04-07 05:21:50 Image size of job updated: 49
	49  -  MemoryUsage of job (MB)
	50848  -  ResidentSetSize of job (KB)
...
040 (52736218.029.000) 2025-04-07 05:21:50 Started transferring output files
...
040 (52736218.029.000) 2025-04-07 05:21:50 Finished transferring output files
...
006 (52736218.032.000) 2025-04-07 05:21:51 Image size of job updated: 120
	120  -  MemoryUsage of job (MB)
	123048  -  ResidentSetSize of job (KB)
...
040 (52736218.032.000) 2025-04-07 05:21:51 Started transferring output files
...
040 (52736218.032.000) 2025-04-07 05:21:51 Finished transferring output files
...
005 (52736218.032.000) 2025-04-07 05:21:51 Job terminated.
	(1) Normal termination (return value 1)
		Usr 0 00:00:05, Sys 0 00:00:02  -  Run Remote Usage
		Usr 0 00:00:00, Sys 0 00:00:00  -  Run Local Usage
		Usr 0 00:00:05, Sys 0 00:00:02  -  Total Remote Usage
		Usr 0 00:00:00, Sys 0 00:00:00  -  Total Local Usage
	7974  -  Run Bytes Sent By Job
	324097504  -  Run Bytes Received By Job
	7974  -  Total Bytes Sent By Job
	324097504  -  Total Bytes Received By Job
	Partitionable Resources :    Usage  Request Allocated 
	   Cpus                 :        0        1         1 
	   Disk (KB)            :   317304 20971520  20974803 
	   GPUs                 :                           0 
	   Memory (MB)          :      120     8192      8192 
	   TimeExecute (s)      :       16                    
	   TimeSlotBusy (s)     :       20                    

	Job terminated of its own accord at 2025-04-07T10:21:51Z with exit-code 1.
...
005 (52736218.029.000) 2025-04-07 05:21:52 Job terminated.
	(1) Normal termination (return value 1)
		Usr 0 00:00:00, Sys 0 00:00:00  -  Run Remote Usage
		Usr 0 00:00:00, Sys 0 00:00:00  -  Run Local Usage
		Usr 0 00:00:00, Sys 0 00:00:00  -  Total Remote Usage
		Usr 0 00:00:00, Sys 0 00:00:00  -  Total Local Usage
	7836  -  Run Bytes Sent By Job
	324097504  -  Run Bytes Received By Job
	7836  -  Total Bytes Sent By Job
	324097504  -  Total Bytes Received By Job
	Partitionable Resources :     Usage  Request Allocated 
	   Cpus                 :      0.05        1         1 
	   Disk (KB)            : 317303    20971520  20973177 
	   GPUs                 :                            0 
	   Memory (MB)          :     49        8192      8192 
	   TimeExecute (s)      :     28                       
	   TimeSlotBusy (s)     :     39                       

	Job terminated of its own accord at 2025-04-07T10:21:50Z with exit-code 1.
...
040 (52736218.034.000) 2025-04-07 05:21:52 Started transferring input files
	Transferring to host: <131.225.189.250:9618?addrs=[2620-6a-0-8421-f0-0-189-250]-9618+131.225.189.250-9618&alias=cmswn2163.fnal.gov&noUDP&sock=slot1_8_2665_7bc5_13201>
...
006 (52736218.033.000) 2025-04-07 05:21:53 Image size of job updated: 146
	146  -  MemoryUsage of job (MB)
	149540  -  ResidentSetSize of job (KB)
...
040 (52736218.033.000) 2025-04-07 05:21:53 Started transferring output files
...
040 (52736218.033.000) 2025-04-07 05:21:53 Finished transferring output files
...
040 (52736218.038.000) 2025-04-07 05:21:53 Started transferring input files
	Transferring to host: <131.225.188.73:9618?addrs=[2620-6a-0-8421-f0-0-188-73]-9618+131.225.188.73-9618&alias=cmswn2038.fnal.gov&noUDP&sock=slot1_8_4145688_fb80_4611>
...
005 (52736218.033.000) 2025-04-07 05:21:53 Job terminated.
	(1) Normal termination (return value 1)
		Usr 0 00:00:04, Sys 0 00:00:01  -  Run Remote Usage
		Usr 0 00:00:00, Sys 0 00:00:00  -  Run Local Usage
		Usr 0 00:00:04, Sys 0 00:00:01  -  Total Remote Usage
		Usr 0 00:00:00, Sys 0 00:00:00  -  Total Local Usage
	7974  -  Run Bytes Sent By Job
	324097504  -  Run Bytes Received By Job
	7974  -  Total Bytes Sent By Job
	324097504  -  Total Bytes Received By Job
	Partitionable Resources :    Usage  Request Allocated 
	   Cpus                 :        0        1         1 
	   Disk (KB)            :   317297 20971520  20975015 
	   GPUs                 :                           0 
	   Memory (MB)          :      146     8192      8192 
	   TimeExecute (s)      :       14                    
	   TimeSlotBusy (s)     :       20                    

	Job terminated of its own accord at 2025-04-07T10:21:53Z with exit-code 1.
...
040 (52736218.034.000) 2025-04-07 05:21:56 Finished transferring input files
...
006 (52736218.036.000) 2025-04-07 05:21:56 Image size of job updated: 52
	52  -  MemoryUsage of job (MB)
	53488  -  ResidentSetSize of job (KB)
...
006 (52736218.035.000) 2025-04-07 05:21:56 Image size of job updated: 32
	32  -  MemoryUsage of job (MB)
	33536  -  ResidentSetSize of job (KB)
...
006 (52736218.037.000) 2025-04-07 05:21:57 Image size of job updated: 51
	51  -  MemoryUsage of job (MB)
	53188  -  ResidentSetSize of job (KB)
...
001 (52736218.034.000) 2025-04-07 05:21:57 Job executing on host: <131.225.189.250:9618?addrs=[2620-6a-0-8421-f0-0-189-250]-9618+131.225.189.250-9618&alias=cmswn2163.fnal.gov&noUDP&sock=startd_2333_d28a>
	SlotName: slot1_8@cmswn2163.fnal.gov
	CondorScratchDir = "/storage/local/data1/condor/execute/dir_2863789"
	Cpus = 1
	Disk = 20974803
	GPUs = 0
	Memory = 8192
...
006 (52736218.036.000) 2025-04-07 05:22:04 Image size of job updated: 156
	156  -  MemoryUsage of job (MB)
	159812  -  ResidentSetSize of job (KB)
...
040 (52736218.036.000) 2025-04-07 05:22:04 Started transferring output files
...
040 (52736218.036.000) 2025-04-07 05:22:04 Finished transferring output files
...
005 (52736218.036.000) 2025-04-07 05:22:04 Job terminated.
	(1) Normal termination (return value 1)
		Usr 0 00:00:04, Sys 0 00:00:01  -  Run Remote Usage
		Usr 0 00:00:00, Sys 0 00:00:00  -  Run Local Usage
		Usr 0 00:00:04, Sys 0 00:00:01  -  Total Remote Usage
		Usr 0 00:00:00, Sys 0 00:00:00  -  Total Local Usage
	8022  -  Run Bytes Sent By Job
	324097504  -  Run Bytes Received By Job
	8022  -  Total Bytes Sent By Job
	324097504  -  Total Bytes Received By Job
	Partitionable Resources :    Usage  Request Allocated 
	   Cpus                 :        0        1         1 
	   Disk (KB)            :   317303 20971520  20973044 
	   GPUs                 :                           0 
	   Memory (MB)          :      156     8192      8192 
	   TimeExecute (s)      :       16                    
	   TimeSlotBusy (s)     :       26                    

	Job terminated of its own accord at 2025-04-07T10:22:04Z with exit-code 1.
...
006 (52736218.034.000) 2025-04-07 05:22:05 Image size of job updated: 47
	47  -  MemoryUsage of job (MB)
	48232  -  ResidentSetSize of job (KB)
...
006 (52736218.035.000) 2025-04-07 05:22:06 Image size of job updated: 37
	37  -  MemoryUsage of job (MB)
	37892  -  ResidentSetSize of job (KB)
...
040 (52736218.035.000) 2025-04-07 05:22:06 Started transferring output files
...
040 (52736218.035.000) 2025-04-07 05:22:06 Finished transferring output files
...
006 (52736218.037.000) 2025-04-07 05:22:06 Image size of job updated: 130
	130  -  MemoryUsage of job (MB)
	133304  -  ResidentSetSize of job (KB)
...
040 (52736218.037.000) 2025-04-07 05:22:06 Started transferring output files
...
040 (52736218.037.000) 2025-04-07 05:22:06 Finished transferring output files
...
040 (52736218.038.000) 2025-04-07 05:22:06 Finished transferring input files
...
005 (52736218.035.000) 2025-04-07 05:22:07 Job terminated.
	(1) Normal termination (return value 1)
		Usr 0 00:00:00, Sys 0 00:00:00  -  Run Remote Usage
		Usr 0 00:00:00, Sys 0 00:00:00  -  Run Local Usage
		Usr 0 00:00:00, Sys 0 00:00:00  -  Total Remote Usage
		Usr 0 00:00:00, Sys 0 00:00:00  -  Total Local Usage
	7968  -  Run Bytes Sent By Job
	324097504  -  Run Bytes Received By Job
	7968  -  Total Bytes Sent By Job
	324097504  -  Total Bytes Received By Job
	Partitionable Resources :    Usage  Request Allocated 
	   Cpus                 :        0        1         1 
	   Disk (KB)            :   317303 20971520  20973044 
	   GPUs                 :                           0 
	   Memory (MB)          :       37     8192      8192 
	   TimeExecute (s)      :       18                    
	   TimeSlotBusy (s)     :       29                    

	Job terminated of its own accord at 2025-04-07T10:22:06Z with exit-code 1.
...
001 (52736218.038.000) 2025-04-07 05:22:07 Job executing on host: <131.225.188.73:9618?addrs=[2620-6a-0-8421-f0-0-188-73]-9618+131.225.188.73-9618&alias=cmswn2038.fnal.gov&noUDP&sock=startd_2231_dbe1>
	SlotName: slot1_8@cmswn2038.fnal.gov
	CondorScratchDir = "/storage/local/data1/condor/execute/dir_2385411"
	Cpus = 1
	Disk = 20973177
	GPUs = 0
	Memory = 8192
...
005 (52736218.037.000) 2025-04-07 05:22:07 Job terminated.
	(1) Normal termination (return value 1)
		Usr 0 00:00:01, Sys 0 00:00:00  -  Run Remote Usage
		Usr 0 00:00:00, Sys 0 00:00:00  -  Run Local Usage
		Usr 0 00:00:01, Sys 0 00:00:00  -  Total Remote Usage
		Usr 0 00:00:00, Sys 0 00:00:00  -  Total Local Usage
	8046  -  Run Bytes Sent By Job
	324097504  -  Run Bytes Received By Job
	8046  -  Total Bytes Sent By Job
	324097504  -  Total Bytes Received By Job
	Partitionable Resources :     Usage  Request Allocated 
	   Cpus                 :      0.00        1         1 
	   Disk (KB)            : 317297    20971520  20975015 
	   GPUs                 :                            0 
	   Memory (MB)          :    130        8192      8192 
	   TimeExecute (s)      :     17                       
	   TimeSlotBusy (s)     :     22                       

	Job terminated of its own accord at 2025-04-07T10:22:06Z with exit-code 1.
...
006 (52736218.034.000) 2025-04-07 05:22:12 Image size of job updated: 139
	139  -  MemoryUsage of job (MB)
	142772  -  ResidentSetSize of job (KB)
...
040 (52736218.034.000) 2025-04-07 05:22:12 Started transferring output files
...
040 (52736218.034.000) 2025-04-07 05:22:12 Finished transferring output files
...
005 (52736218.034.000) 2025-04-07 05:22:12 Job terminated.
	(1) Normal termination (return value 1)
		Usr 0 00:00:05, Sys 0 00:00:02  -  Run Remote Usage
		Usr 0 00:00:00, Sys 0 00:00:00  -  Run Local Usage
		Usr 0 00:00:05, Sys 0 00:00:02  -  Total Remote Usage
		Usr 0 00:00:00, Sys 0 00:00:00  -  Total Local Usage
	7992  -  Run Bytes Sent By Job
	324097504  -  Run Bytes Received By Job
	7992  -  Total Bytes Sent By Job
	324097504  -  Total Bytes Received By Job
	Partitionable Resources :    Usage  Request Allocated 
	   Cpus                 :        0        1         1 
	   Disk (KB)            :   317304 20971520  20974803 
	   GPUs                 :                           0 
	   Memory (MB)          :      139     8192      8192 
	   TimeExecute (s)      :       15                    
	   TimeSlotBusy (s)     :       20                    

	Job terminated of its own accord at 2025-04-07T10:22:12Z with exit-code 1.
...
006 (52736218.023.000) 2025-04-07 05:22:14 Image size of job updated: 378
	378  -  MemoryUsage of job (MB)
	387628  -  ResidentSetSize of job (KB)
...
040 (52736218.023.000) 2025-04-07 05:22:14 Started transferring output files
...
040 (52736218.023.000) 2025-04-07 05:22:14 Finished transferring output files
...
006 (52736218.028.000) 2025-04-07 05:22:14 Image size of job updated: 105
	105  -  MemoryUsage of job (MB)
	108432  -  ResidentSetSize of job (KB)
...
040 (52736218.028.000) 2025-04-07 05:22:14 Started transferring output files
...
006 (52736218.030.000) 2025-04-07 05:22:14 Image size of job updated: 44
	44  -  MemoryUsage of job (MB)
	45848  -  ResidentSetSize of job (KB)
...
040 (52736218.028.000) 2025-04-07 05:22:14 Finished transferring output files
...
040 (52736218.030.000) 2025-04-07 05:22:14 Started transferring output files
...
040 (52736218.030.000) 2025-04-07 05:22:14 Finished transferring output files
...
006 (52736218.025.000) 2025-04-07 05:22:15 Image size of job updated: 57
	57  -  MemoryUsage of job (MB)
	58372  -  ResidentSetSize of job (KB)
...
005 (52736218.023.000) 2025-04-07 05:22:15 Job terminated.
	(1) Normal termination (return value 1)
		Usr 0 00:00:00, Sys 0 00:00:00  -  Run Remote Usage
		Usr 0 00:00:00, Sys 0 00:00:00  -  Run Local Usage
		Usr 0 00:00:00, Sys 0 00:00:00  -  Total Remote Usage
		Usr 0 00:00:00, Sys 0 00:00:00  -  Total Local Usage
	7860  -  Run Bytes Sent By Job
	324097504  -  Run Bytes Received By Job
	7860  -  Total Bytes Sent By Job
	324097504  -  Total Bytes Received By Job
	Partitionable Resources :     Usage  Request Allocated 
	   Cpus                 :      0.00        1         1 
	   Disk (KB)            : 317302    20971520  20973061 
	   GPUs                 :                            0 
	   Memory (MB)          :    378        8192      8192 
	   TimeExecute (s)      :     65                       
	   TimeSlotBusy (s)     :     83                       

	Job terminated of its own accord at 2025-04-07T10:22:14Z with exit-code 1.
...
005 (52736218.028.000) 2025-04-07 05:22:16 Job terminated.
	(1) Normal termination (return value 1)
		Usr 0 00:00:00, Sys 0 00:00:00  -  Run Remote Usage
		Usr 0 00:00:00, Sys 0 00:00:00  -  Run Local Usage
		Usr 0 00:00:00, Sys 0 00:00:00  -  Total Remote Usage
		Usr 0 00:00:00, Sys 0 00:00:00  -  Total Local Usage
	7836  -  Run Bytes Sent By Job
	324097504  -  Run Bytes Received By Job
	7836  -  Total Bytes Sent By Job
	324097504  -  Total Bytes Received By Job
	Partitionable Resources :    Usage  Request Allocated 
	   Cpus                 :        0        1         1 
	   Disk (KB)            :   317301 20971520  20973171 
	   GPUs                 :                           0 
	   Memory (MB)          :      105     8192      8192 
	   TimeExecute (s)      :       39                    
	   TimeSlotBusy (s)     :       63                    

	Job terminated of its own accord at 2025-04-07T10:22:14Z with exit-code 1.
...
005 (52736218.030.000) 2025-04-07 05:22:16 Job terminated.
	(1) Normal termination (return value 1)
		Usr 0 00:00:00, Sys 0 00:00:00  -  Run Remote Usage
		Usr 0 00:00:00, Sys 0 00:00:00  -  Run Local Usage
		Usr 0 00:00:00, Sys 0 00:00:00  -  Total Remote Usage
		Usr 0 00:00:00, Sys 0 00:00:00  -  Total Local Usage
	7836  -  Run Bytes Sent By Job
	324097504  -  Run Bytes Received By Job
	7836  -  Total Bytes Sent By Job
	324097504  -  Total Bytes Received By Job
	Partitionable Resources :     Usage  Request Allocated 
	   Cpus                 :      0.22        1         1 
	   Disk (KB)            : 317301    20971520  20973171 
	   GPUs                 :                            0 
	   Memory (MB)          :     44        8192      8192 
	   TimeExecute (s)      :     37                       
	   TimeSlotBusy (s)     :     61                       

	Job terminated of its own accord at 2025-04-07T10:22:14Z with exit-code 1.
...
006 (52736218.022.000) 2025-04-07 05:22:16 Image size of job updated: 185
	185  -  MemoryUsage of job (MB)
	189440  -  ResidentSetSize of job (KB)
...
040 (52736218.022.000) 2025-04-07 05:22:16 Started transferring output files
...
040 (52736218.022.000) 2025-04-07 05:22:16 Finished transferring output files
...
005 (52736218.022.000) 2025-04-07 05:22:17 Job terminated.
	(1) Normal termination (return value 1)
		Usr 0 00:00:00, Sys 0 00:00:00  -  Run Remote Usage
		Usr 0 00:00:00, Sys 0 00:00:00  -  Run Local Usage
		Usr 0 00:00:00, Sys 0 00:00:00  -  Total Remote Usage
		Usr 0 00:00:00, Sys 0 00:00:00  -  Total Local Usage
	7860  -  Run Bytes Sent By Job
	324097504  -  Run Bytes Received By Job
	7860  -  Total Bytes Sent By Job
	324097504  -  Total Bytes Received By Job
	Partitionable Resources :     Usage  Request Allocated 
	   Cpus                 :      0.00        1         1 
	   Disk (KB)            : 317302    20971520  20973061 
	   GPUs                 :                            0 
	   Memory (MB)          :    185        8192      8192 
	   TimeExecute (s)      :     67                       
	   TimeSlotBusy (s)     :     85                       

	Job terminated of its own accord at 2025-04-07T10:22:16Z with exit-code 1.
...
040 (52736218.025.000) 2025-04-07 05:22:23 Started transferring output files
...
040 (52736218.025.000) 2025-04-07 05:22:23 Finished transferring output files
...
005 (52736218.025.000) 2025-04-07 05:22:23 Job terminated.
	(1) Normal termination (return value 1)
		Usr 0 00:00:00, Sys 0 00:00:00  -  Run Remote Usage
		Usr 0 00:00:00, Sys 0 00:00:00  -  Run Local Usage
		Usr 0 00:00:00, Sys 0 00:00:00  -  Total Remote Usage
		Usr 0 00:00:00, Sys 0 00:00:00  -  Total Local Usage
	7860  -  Run Bytes Sent By Job
	324097504  -  Run Bytes Received By Job
	7860  -  Total Bytes Sent By Job
	324097504  -  Total Bytes Received By Job
	Partitionable Resources :    Usage  Request Allocated 
	   Cpus                 :        0        1         1 
	   Disk (KB)            :   317303 20971520  20973063 
	   GPUs                 :                           0 
	   Memory (MB)          :       57     8192      8192 
	   TimeExecute (s)      :       78                    
	   TimeSlotBusy (s)     :       83                    

	Job terminated of its own accord at 2025-04-07T10:22:23Z with exit-code 1.
...
006 (52736218.007.000) 2025-04-07 05:22:27 Image size of job updated: 468
	468  -  MemoryUsage of job (MB)
	479464  -  ResidentSetSize of job (KB)
...
006 (52736218.018.000) 2025-04-07 05:22:33 Image size of job updated: 410
	410  -  MemoryUsage of job (MB)
	419996  -  ResidentSetSize of job (KB)
...
040 (52736218.018.000) 2025-04-07 05:22:33 Started transferring output files
...
040 (52736218.018.000) 2025-04-07 05:22:33 Finished transferring output files
...
005 (52736218.018.000) 2025-04-07 05:22:34 Job terminated.
	(1) Normal termination (return value 1)
		Usr 0 00:00:04, Sys 0 00:00:01  -  Run Remote Usage
		Usr 0 00:00:00, Sys 0 00:00:00  -  Run Local Usage
		Usr 0 00:00:04, Sys 0 00:00:01  -  Total Remote Usage
		Usr 0 00:00:00, Sys 0 00:00:00  -  Total Local Usage
	8024  -  Run Bytes Sent By Job
	324097504  -  Run Bytes Received By Job
	8024  -  Total Bytes Sent By Job
	324097504  -  Total Bytes Received By Job
	Partitionable Resources :    Usage  Request Allocated 
	   Cpus                 :        0        1         1 
	   Disk (KB)            :   317302 20971520  20973064 
	   GPUs                 :                           0 
	   Memory (MB)          :      410     8192      8192 
	   TimeExecute (s)      :      118                    
	   TimeSlotBusy (s)     :      123                    

	Job terminated of its own accord at 2025-04-07T10:22:33Z with exit-code 1.
...
040 (52736218.006.000) 2025-04-07 05:22:35 Started transferring input files
	Transferring to host: <131.225.188.242:9618?addrs=[2620-6a-0-8421-f0-0-188-242]-9618+131.225.188.242-9618&alias=cmswn2074.fnal.gov&noUDP&sock=slot1_1_2614_8ca3_12645>
...
040 (52736218.006.000) 2025-04-07 05:22:39 Finished transferring input files
...
006 (52736218.038.000) 2025-04-07 05:22:39 Image size of job updated: 55
	55  -  MemoryUsage of job (MB)
	56904  -  ResidentSetSize of job (KB)
...
040 (52736218.038.000) 2025-04-07 05:22:39 Started transferring output files
...
040 (52736218.038.000) 2025-04-07 05:22:39 Finished transferring output files
...
005 (52736218.038.000) 2025-04-07 05:22:40 Job terminated.
	(1) Normal termination (return value 1)
		Usr 0 00:00:00, Sys 0 00:00:00  -  Run Remote Usage
		Usr 0 00:00:00, Sys 0 00:00:00  -  Run Local Usage
		Usr 0 00:00:00, Sys 0 00:00:00  -  Total Remote Usage
		Usr 0 00:00:00, Sys 0 00:00:00  -  Total Local Usage
	8008  -  Run Bytes Sent By Job
	324097504  -  Run Bytes Received By Job
	8008  -  Total Bytes Sent By Job
	324097504  -  Total Bytes Received By Job
	Partitionable Resources :     Usage  Request Allocated 
	   Cpus                 :      0.34        1         1 
	   Disk (KB)            : 317303    20971520  20973177 
	   GPUs                 :                            0 
	   Memory (MB)          :     55        8192      8192 
	   TimeExecute (s)      :     32                       
	   TimeSlotBusy (s)     :     47                       

	Job terminated of its own accord at 2025-04-07T10:22:39Z with exit-code 1.
...
001 (52736218.006.000) 2025-04-07 05:22:40 Job executing on host: <131.225.188.242:9618?addrs=[2620-6a-0-8421-f0-0-188-242]-9618+131.225.188.242-9618&alias=cmswn2074.fnal.gov&noUDP&sock=startd_2273_aadb>
	SlotName: slot1_1@cmswn2074.fnal.gov
	CondorScratchDir = "/storage/local/data1/condor/execute/dir_3964241"
	Cpus = 1
	Disk = 20973064
	GPUs = 0
	Memory = 8192
...
006 (52736218.009.000) 2025-04-07 05:22:42 Image size of job updated: 479
	479  -  MemoryUsage of job (MB)
	491108  -  ResidentSetSize of job (KB)
...
040 (52736218.009.000) 2025-04-07 05:22:43 Started transferring output files
...
040 (52736218.009.000) 2025-04-07 05:22:43 Finished transferring output files
...
005 (52736218.009.000) 2025-04-07 05:22:44 Job terminated.
	(1) Normal termination (return value 1)
		Usr 0 00:00:00, Sys 0 00:00:00  -  Run Remote Usage
		Usr 0 00:00:00, Sys 0 00:00:00  -  Run Local Usage
		Usr 0 00:00:00, Sys 0 00:00:00  -  Total Remote Usage
		Usr 0 00:00:00, Sys 0 00:00:00  -  Total Local Usage
	8011  -  Run Bytes Sent By Job
	324097504  -  Run Bytes Received By Job
	8011  -  Total Bytes Sent By Job
	324097504  -  Total Bytes Received By Job
	Partitionable Resources :     Usage  Request Allocated 
	   Cpus                 :      0.00        1         1 
	   Disk (KB)            : 317302    20971520  20973182 
	   GPUs                 :                            0 
	   Memory (MB)          :    479        8192      8192 
	   TimeExecute (s)      :    137                       
	   TimeSlotBusy (s)     :    155                       

	Job terminated of its own accord at 2025-04-07T10:22:42Z with exit-code 1.
...
040 (52736218.007.000) 2025-04-07 05:22:51 Started transferring output files
...
040 (52736218.007.000) 2025-04-07 05:22:51 Finished transferring output files
...
005 (52736218.007.000) 2025-04-07 05:22:53 Job terminated.
	(1) Normal termination (return value 1)
		Usr 0 00:00:05, Sys 0 00:00:02  -  Run Remote Usage
		Usr 0 00:00:00, Sys 0 00:00:00  -  Run Local Usage
		Usr 0 00:00:05, Sys 0 00:00:02  -  Total Remote Usage
		Usr 0 00:00:00, Sys 0 00:00:00  -  Total Local Usage
	8006  -  Run Bytes Sent By Job
	324097504  -  Run Bytes Received By Job
	8006  -  Total Bytes Sent By Job
	324097504  -  Total Bytes Received By Job
	Partitionable Resources :     Usage  Request Allocated 
	   Cpus                 :      0.01        1         1 
	   Disk (KB)            : 317305    20971520  20974824 
	   GPUs                 :                            0 
	   Memory (MB)          :    468        8192      8192 
	   TimeExecute (s)      :    153                       
	   TimeSlotBusy (s)     :    165                       

	Job terminated of its own accord at 2025-04-07T10:22:51Z with exit-code 1.
...
006 (52736218.006.000) 2025-04-07 05:23:41 Image size of job updated: 104
	104  -  MemoryUsage of job (MB)
	107164  -  ResidentSetSize of job (KB)
...
040 (52736218.006.000) 2025-04-07 05:23:41 Started transferring output files
...
040 (52736218.006.000) 2025-04-07 05:23:41 Finished transferring output files
...
005 (52736218.006.000) 2025-04-07 05:23:42 Job terminated.
	(1) Normal termination (return value 1)
		Usr 0 00:00:00, Sys 0 00:00:00  -  Run Remote Usage
		Usr 0 00:00:00, Sys 0 00:00:00  -  Run Local Usage
		Usr 0 00:00:00, Sys 0 00:00:00  -  Total Remote Usage
		Usr 0 00:00:00, Sys 0 00:00:00  -  Total Local Usage
	8000  -  Run Bytes Sent By Job
	324097504  -  Run Bytes Received By Job
	8000  -  Total Bytes Sent By Job
	324097504  -  Total Bytes Received By Job
	Partitionable Resources :    Usage  Request Allocated 
	   Cpus                 :        0        1         1 
	   Disk (KB)            :   317303 20971520  20973064 
	   GPUs                 :                           0 
	   Memory (MB)          :      104     8192      8192 
	   TimeExecute (s)      :       61                    
	   TimeSlotBusy (s)     :       67                    

	Job terminated of its own accord at 2025-04-07T10:23:41Z with exit-code 1.
...
