000 (11708664.020.000) 2025-04-20 02:54:58 Job submitted from host: <131.225.189.251:9618?addrs=131.225.189.251-9618+[2620-6a-0-8421--e8]-9618&alias=lpcschedd4.fnal.gov&noUDP&sock=schedd_1901_81a0>
...
040 (11708664.020.000) 2025-04-20 02:55:09 Started transferring input files
	Transferring to host: <131.225.188.219:9618?addrs=[2620-6a-0-8421-f0-0-188-219]-9618+131.225.188.219-9618&alias=cmswn2070.fnal.gov&noUDP&sock=slot1_6_3378967_ad56_25704>
...
040 (11708664.020.000) 2025-04-20 02:55:09 Finished transferring input files
...
001 (11708664.020.000) 2025-04-20 02:55:10 Job executing on host: <131.225.188.219:9618?addrs=[2620-6a-0-8421-f0-0-188-219]-9618+131.225.188.219-9618&alias=cmswn2070.fnal.gov&noUDP&sock=startd_2278_18d5>
	SlotName: slot1_6@cmswn2070.fnal.gov
	CondorScratchDir = "/storage/local/data1/condor/execute/dir_3222260"
	Cpus = 4
	Disk = 5244414
	GPUs = 0
	Memory = 8192
...
006 (11708664.020.000) 2025-04-20 02:55:18 Image size of job updated: 103
	103  -  MemoryUsage of job (MB)
	106104  -  ResidentSetSize of job (KB)
...
006 (11708664.020.000) 2025-04-20 02:55:51 Image size of job updated: 1099
	1099  -  MemoryUsage of job (MB)
	1125832  -  ResidentSetSize of job (KB)
...
040 (11708664.020.000) 2025-04-20 02:55:51 Started transferring output files
...
040 (11708664.020.000) 2025-04-20 02:55:51 Finished transferring output files
...
005 (11708664.020.000) 2025-04-20 02:55:51 Job terminated.
	(1) Normal termination (return value 1)
		Usr 0 00:00:00, Sys 0 00:00:00  -  Run Remote Usage
		Usr 0 00:00:00, Sys 0 00:00:00  -  Run Local Usage
		Usr 0 00:00:00, Sys 0 00:00:00  -  Total Remote Usage
		Usr 0 00:00:00, Sys 0 00:00:00  -  Total Local Usage
	42432  -  Run Bytes Sent By Job
	29155  -  Run Bytes Received By Job
	42432  -  Total Bytes Sent By Job
	29155  -  Total Bytes Received By Job
	Partitionable Resources :    Usage  Request Allocated 
	   Cpus                 :     0.03        4         4 
	   Disk (KB)            :   856     5242880   5244414 
	   GPUs                 :                           0 
	   Memory (MB)          :  1099        8192      8192 
	   TimeExecute (s)      :    41                       
	   TimeSlotBusy (s)     :    42                       

	Job terminated of its own accord at 2025-04-20T07:55:51Z with exit-code 1.
...
