000 (11708664.012.000) 2025-04-20 02:54:58 Job submitted from host: <131.225.189.251:9618?addrs=131.225.189.251-9618+[2620-6a-0-8421--e8]-9618&alias=lpcschedd4.fnal.gov&noUDP&sock=schedd_1901_81a0>
...
040 (11708664.012.000) 2025-04-20 02:55:07 Started transferring input files
	Transferring to host: <131.225.189.242:9618?addrs=[2620-6a-0-8421-f0-0-189-242]-9618+131.225.189.242-9618&alias=cmswn2161.fnal.gov&noUDP&sock=slot1_3_2417_bebb_27438>
...
040 (11708664.012.000) 2025-04-20 02:55:07 Finished transferring input files
...
001 (11708664.012.000) 2025-04-20 02:55:08 Job executing on host: <131.225.189.242:9618?addrs=[2620-6a-0-8421-f0-0-189-242]-9618+131.225.189.242-9618&alias=cmswn2161.fnal.gov&noUDP&sock=startd_2287_452f>
	SlotName: slot1_3@cmswn2161.fnal.gov
	CondorScratchDir = "/storage/local/data1/condor/execute/dir_986096"
	Cpus = 4
	Disk = 5246375
	GPUs = 0
	Memory = 8192
...
006 (11708664.012.000) 2025-04-20 02:55:16 Image size of job updated: 55
	55  -  MemoryUsage of job (MB)
	56352  -  ResidentSetSize of job (KB)
...
006 (11708664.012.000) 2025-04-20 02:56:03 Image size of job updated: 1041
	1041  -  MemoryUsage of job (MB)
	1066684  -  ResidentSetSize of job (KB)
...
040 (11708664.012.000) 2025-04-20 02:56:03 Started transferring output files
...
040 (11708664.012.000) 2025-04-20 02:56:03 Finished transferring output files
...
005 (11708664.012.000) 2025-04-20 02:56:03 Job terminated.
	(1) Normal termination (return value 1)
		Usr 0 00:00:07, Sys 0 00:00:03  -  Run Remote Usage
		Usr 0 00:00:00, Sys 0 00:00:00  -  Run Local Usage
		Usr 0 00:00:07, Sys 0 00:00:03  -  Total Remote Usage
		Usr 0 00:00:00, Sys 0 00:00:00  -  Total Local Usage
	34954  -  Run Bytes Sent By Job
	29155  -  Run Bytes Received By Job
	34954  -  Total Bytes Sent By Job
	29155  -  Total Bytes Received By Job
	Partitionable Resources :    Usage  Request Allocated 
	   Cpus                 :        0        4         4 
	   Disk (KB)            :      849  5242880   5246375 
	   GPUs                 :                           0 
	   Memory (MB)          :     1041     8192      8192 
	   TimeExecute (s)      :       55                    
	   TimeSlotBusy (s)     :       56                    

	Job terminated of its own accord at 2025-04-20T07:56:03Z with exit-code 1.
...
