000 (11708664.003.000) 2025-04-20 02:54:58 Job submitted from host: <131.225.189.251:9618?addrs=131.225.189.251-9618+[2620-6a-0-8421--e8]-9618&alias=lpcschedd4.fnal.gov&noUDP&sock=schedd_1901_81a0>
...
040 (11708664.003.000) 2025-04-20 02:55:06 Started transferring input files
	Transferring to host: <131.225.189.250:9618?addrs=[2620-6a-0-8421-f0-0-189-250]-9618+131.225.189.250-9618&alias=cmswn2163.fnal.gov&noUDP&sock=slot1_9_2665_7bc5_35172>
...
040 (11708664.003.000) 2025-04-20 02:55:06 Finished transferring input files
...
001 (11708664.003.000) 2025-04-20 02:55:07 Job executing on host: <131.225.189.250:9618?addrs=[2620-6a-0-8421-f0-0-189-250]-9618+131.225.189.250-9618&alias=cmswn2163.fnal.gov&noUDP&sock=startd_2333_d28a>
	SlotName: slot1_9@cmswn2163.fnal.gov
	CondorScratchDir = "/storage/local/data1/condor/execute/dir_1442106"
	Cpus = 4
	Disk = 5246163
	GPUs = 0
	Memory = 8192
...
006 (11708664.003.000) 2025-04-20 02:55:15 Image size of job updated: 115
	115  -  MemoryUsage of job (MB)
	118708  -  ResidentSetSize of job (KB)
...
006 (11708664.003.000) 2025-04-20 02:56:16 Image size of job updated: 1092
	1092  -  MemoryUsage of job (MB)
	1118236  -  ResidentSetSize of job (KB)
...
040 (11708664.003.000) 2025-04-20 02:57:18 Started transferring output files
...
040 (11708664.003.000) 2025-04-20 02:57:18 Finished transferring output files
...
005 (11708664.003.000) 2025-04-20 02:57:18 Job terminated.
	(1) Normal termination (return value 1)
		Usr 0 00:01:16, Sys 0 00:00:10  -  Run Remote Usage
		Usr 0 00:00:00, Sys 0 00:00:00  -  Run Local Usage
		Usr 0 00:01:16, Sys 0 00:00:10  -  Total Remote Usage
		Usr 0 00:00:00, Sys 0 00:00:00  -  Total Local Usage
	55370  -  Run Bytes Sent By Job
	29155  -  Run Bytes Received By Job
	55370  -  Total Bytes Sent By Job
	29155  -  Total Bytes Received By Job
	Partitionable Resources :    Usage  Request Allocated 
	   Cpus                 :     0.00        4         4 
	   Disk (KB)            :   869     5242880   5246163 
	   GPUs                 :                           0 
	   Memory (MB)          :  1092        8192      8192 
	   TimeExecute (s)      :   131                       
	   TimeSlotBusy (s)     :   132                       

	Job terminated of its own accord at 2025-04-20T07:57:18Z with exit-code 1.
...
