000 (11708664.023.000) 2025-04-20 02:54:58 Job submitted from host: <131.225.189.251:9618?addrs=131.225.189.251-9618+[2620-6a-0-8421--e8]-9618&alias=lpcschedd4.fnal.gov&noUDP&sock=schedd_1901_81a0>
...
040 (11708664.023.000) 2025-04-20 02:55:09 Started transferring input files
	Transferring to host: <131.225.189.16:9618?addrs=[2620-6a-0-8421-f0-0-189-16]-9618+131.225.189.16-9618&alias=cmswn2080.fnal.gov&noUDP&sock=slot1_3_2065158_6244_9645>
...
040 (11708664.023.000) 2025-04-20 02:55:09 Finished transferring input files
...
001 (11708664.023.000) 2025-04-20 02:55:10 Job executing on host: <131.225.189.16:9618?addrs=[2620-6a-0-8421-f0-0-189-16]-9618+131.225.189.16-9618&alias=cmswn2080.fnal.gov&noUDP&sock=startd_2280_7805>
	SlotName: slot1_3@cmswn2080.fnal.gov
	CondorScratchDir = "/storage/local/data1/condor/execute/dir_2171768"
	Cpus = 4
	Disk = 5244412
	GPUs = 0
	Memory = 8192
...
006 (11708664.023.000) 2025-04-20 02:55:18 Image size of job updated: 63
	63  -  MemoryUsage of job (MB)
	64952  -  ResidentSetSize of job (KB)
...
006 (11708664.023.000) 2025-04-20 02:56:18 Image size of job updated: 1234
	1234  -  MemoryUsage of job (MB)
	1264576  -  ResidentSetSize of job (KB)
...
006 (11708664.023.000) 2025-04-20 02:57:18 Image size of job updated: 1235
	1235  -  MemoryUsage of job (MB)
	1265064  -  ResidentSetSize of job (KB)
...
006 (11708664.023.000) 2025-04-20 02:58:19 Image size of job updated: 1338
	1338  -  MemoryUsage of job (MB)
	1371096  -  ResidentSetSize of job (KB)
...
006 (11708664.023.000) 2025-04-20 02:59:19 Image size of job updated: 1340
	1340  -  MemoryUsage of job (MB)
	1372636  -  ResidentSetSize of job (KB)
...
006 (11708664.023.000) 2025-04-20 03:01:21 Image size of job updated: 1340
	1340  -  MemoryUsage of job (MB)
	1372864  -  ResidentSetSize of job (KB)
...
006 (11708664.023.000) 2025-04-20 03:02:21 Image size of job updated: 1340
	1340  -  MemoryUsage of job (MB)
	1372936  -  ResidentSetSize of job (KB)
...
006 (11708664.023.000) 2025-04-20 03:03:22 Image size of job updated: 1340
	1340  -  MemoryUsage of job (MB)
	1373132  -  ResidentSetSize of job (KB)
...
006 (11708664.023.000) 2025-04-20 03:06:23 Image size of job updated: 1340
	1340  -  MemoryUsage of job (MB)
	1373180  -  ResidentSetSize of job (KB)
...
006 (11708664.023.000) 2025-04-20 03:08:24 Image size of job updated: 1341
	1341  -  MemoryUsage of job (MB)
	1373272  -  ResidentSetSize of job (KB)
...
006 (11708664.023.000) 2025-04-20 03:10:25 Image size of job updated: 1341
	1341  -  MemoryUsage of job (MB)
	1373460  -  ResidentSetSize of job (KB)
...
006 (11708664.023.000) 2025-04-20 03:57:47 Image size of job updated: 1341
	1341  -  MemoryUsage of job (MB)
	1373472  -  ResidentSetSize of job (KB)
...
040 (11708664.023.000) 2025-04-20 04:22:49 Started transferring output files
...
040 (11708664.023.000) 2025-04-20 04:22:49 Finished transferring output files
...
005 (11708664.023.000) 2025-04-20 04:22:50 Job terminated.
	(1) Normal termination (return value 1)
		Usr 0 01:11:54, Sys 0 00:02:13  -  Run Remote Usage
		Usr 0 00:00:00, Sys 0 00:00:00  -  Run Local Usage
		Usr 0 01:11:54, Sys 0 00:02:13  -  Total Remote Usage
		Usr 0 00:00:00, Sys 0 00:00:00  -  Total Local Usage
	60579  -  Run Bytes Sent By Job
	29155  -  Run Bytes Received By Job
	60579  -  Total Bytes Sent By Job
	29155  -  Total Bytes Received By Job
	Partitionable Resources :    Usage  Request Allocated 
	   Cpus                 :        0        4         4 
	   Disk (KB)            :      874  5242880   5244412 
	   GPUs                 :                           0 
	   Memory (MB)          :     1341     8192      8192 
	   TimeExecute (s)      :     5259                    
	   TimeSlotBusy (s)     :     5261                    

	Job terminated of its own accord at 2025-04-20T09:22:49Z with exit-code 1.
...
