000 (11708664.009.000) 2025-04-20 02:54:58 Job submitted from host: <131.225.189.251:9618?addrs=131.225.189.251-9618+[2620-6a-0-8421--e8]-9618&alias=lpcschedd4.fnal.gov&noUDP&sock=schedd_1901_81a0>
...
040 (11708664.009.000) 2025-04-20 02:55:07 Started transferring input files
	Transferring to host: <131.225.189.162:9618?addrs=[2620-6a-0-8421-f0-0-189-162]-9618+131.225.189.162-9618&alias=cmswn2116.fnal.gov&noUDP&sock=slot1_9_2469009_f28b_11503>
...
040 (11708664.009.000) 2025-04-20 02:55:07 Finished transferring input files
...
001 (11708664.009.000) 2025-04-20 02:55:08 Job executing on host: <131.225.189.162:9618?addrs=[2620-6a-0-8421-f0-0-189-162]-9618+131.225.189.162-9618&alias=cmswn2116.fnal.gov&noUDP&sock=startd_2318_889e>
	SlotName: slot1_9@cmswn2116.fnal.gov
	CondorScratchDir = "/storage/local/data1/condor/execute/dir_1819650"
	Cpus = 4
	Disk = 5246173
	GPUs = 0
	Memory = 8192
...
006 (11708664.009.000) 2025-04-20 02:55:16 Image size of job updated: 111
	111  -  MemoryUsage of job (MB)
	113952  -  ResidentSetSize of job (KB)
...
006 (11708664.009.000) 2025-04-20 02:56:16 Image size of job updated: 951
	951  -  MemoryUsage of job (MB)
	973944  -  ResidentSetSize of job (KB)
...
006 (11708664.009.000) 2025-04-20 02:56:30 Image size of job updated: 1090
	1090  -  MemoryUsage of job (MB)
	1116412  -  ResidentSetSize of job (KB)
...
040 (11708664.009.000) 2025-04-20 02:56:30 Started transferring output files
...
040 (11708664.009.000) 2025-04-20 02:56:30 Finished transferring output files
...
005 (11708664.009.000) 2025-04-20 02:56:30 Job terminated.
	(1) Normal termination (return value 1)
		Usr 0 00:00:05, Sys 0 00:00:03  -  Run Remote Usage
		Usr 0 00:00:00, Sys 0 00:00:00  -  Run Local Usage
		Usr 0 00:00:05, Sys 0 00:00:03  -  Total Remote Usage
		Usr 0 00:00:00, Sys 0 00:00:00  -  Total Local Usage
	33697  -  Run Bytes Sent By Job
	29155  -  Run Bytes Received By Job
	33697  -  Total Bytes Sent By Job
	29155  -  Total Bytes Received By Job
	Partitionable Resources :    Usage  Request Allocated 
	   Cpus                 :        0        4         4 
	   Disk (KB)            :      848  5242880   5246173 
	   GPUs                 :                           0 
	   Memory (MB)          :     1090     8192      8192 
	   TimeExecute (s)      :       82                    
	   TimeSlotBusy (s)     :       83                    

	Job terminated of its own accord at 2025-04-20T07:56:30Z with exit-code 1.
...
