000 (11708664.018.000) 2025-04-20 02:54:58 Job submitted from host: <131.225.189.251:9618?addrs=131.225.189.251-9618+[2620-6a-0-8421--e8]-9618&alias=lpcschedd4.fnal.gov&noUDP&sock=schedd_1901_81a0>
...
040 (11708664.018.000) 2025-04-20 02:55:08 Started transferring input files
	Transferring to host: <131.225.189.239:9618?addrs=[2620-6a-0-8421-f0-0-189-239]-9618+131.225.189.239-9618&alias=cmswn2158.fnal.gov&noUDP&sock=slot1_3_2647_cd05_36424>
...
040 (11708664.018.000) 2025-04-20 02:55:08 Finished transferring input files
...
001 (11708664.018.000) 2025-04-20 02:55:09 Job executing on host: <131.225.189.239:9618?addrs=[2620-6a-0-8421-f0-0-189-239]-9618+131.225.189.239-9618&alias=cmswn2158.fnal.gov&noUDP&sock=startd_2319_3837>
	SlotName: slot1_3@cmswn2158.fnal.gov
	CondorScratchDir = "/storage/local/data1/condor/execute/dir_2280546"
	Cpus = 4
	Disk = 5246175
	GPUs = 0
	Memory = 8192
...
006 (11708664.018.000) 2025-04-20 02:55:17 Image size of job updated: 58
	58  -  MemoryUsage of job (MB)
	59884  -  ResidentSetSize of job (KB)
...
006 (11708664.018.000) 2025-04-20 02:56:18 Image size of job updated: 1187
	1187  -  MemoryUsage of job (MB)
	1216420  -  ResidentSetSize of job (KB)
...
006 (11708664.018.000) 2025-04-20 02:57:18 Image size of job updated: 1192
	1192  -  MemoryUsage of job (MB)
	1221568  -  ResidentSetSize of job (KB)
...
006 (11708664.018.000) 2025-04-20 02:58:19 Image size of job updated: 1193
	1193  -  MemoryUsage of job (MB)
	1222636  -  ResidentSetSize of job (KB)
...
006 (11708664.018.000) 2025-04-20 02:59:19 Image size of job updated: 1194
	1194  -  MemoryUsage of job (MB)
	1223180  -  ResidentSetSize of job (KB)
...
006 (11708664.018.000) 2025-04-20 03:00:19 Image size of job updated: 1194
	1194  -  MemoryUsage of job (MB)
	1223244  -  ResidentSetSize of job (KB)
...
006 (11708664.018.000) 2025-04-20 03:01:20 Image size of job updated: 1194
	1194  -  MemoryUsage of job (MB)
	1223576  -  ResidentSetSize of job (KB)
...
006 (11708664.018.000) 2025-04-20 03:02:20 Image size of job updated: 1195
	1195  -  MemoryUsage of job (MB)
	1223944  -  ResidentSetSize of job (KB)
...
006 (11708664.018.000) 2025-04-20 03:02:45 Image size of job updated: 1195
	1195  -  MemoryUsage of job (MB)
	1224000  -  ResidentSetSize of job (KB)
...
040 (11708664.018.000) 2025-04-20 03:02:45 Started transferring output files
...
040 (11708664.018.000) 2025-04-20 03:02:45 Finished transferring output files
...
005 (11708664.018.000) 2025-04-20 03:02:46 Job terminated.
	(1) Normal termination (return value 1)
		Usr 0 00:04:50, Sys 0 00:00:27  -  Run Remote Usage
		Usr 0 00:00:00, Sys 0 00:00:00  -  Run Local Usage
		Usr 0 00:04:50, Sys 0 00:00:27  -  Total Remote Usage
		Usr 0 00:00:00, Sys 0 00:00:00  -  Total Local Usage
	58597  -  Run Bytes Sent By Job
	29155  -  Run Bytes Received By Job
	58597  -  Total Bytes Sent By Job
	29155  -  Total Bytes Received By Job
	Partitionable Resources :    Usage  Request Allocated 
	   Cpus                 :     0.00        4         4 
	   Disk (KB)            :   872     5242880   5246175 
	   GPUs                 :                           0 
	   Memory (MB)          :  1195        8192      8192 
	   TimeExecute (s)      :   456                       
	   TimeSlotBusy (s)     :   458                       

	Job terminated of its own accord at 2025-04-20T08:02:45Z with exit-code 1.
...
