000 (11708664.017.000) 2025-04-20 02:54:58 Job submitted from host: <131.225.189.251:9618?addrs=131.225.189.251-9618+[2620-6a-0-8421--e8]-9618&alias=lpcschedd4.fnal.gov&noUDP&sock=schedd_1901_81a0>
...
040 (11708664.017.000) 2025-04-20 02:55:08 Started transferring input files
	Transferring to host: <131.225.189.192:9618?addrs=[2620-6a-0-8421-f0-0-189-192]-9618+131.225.189.192-9618&alias=cmswn2136.fnal.gov&noUDP&sock=slot1_1_2700_24e7_31543>
...
040 (11708664.017.000) 2025-04-20 02:55:08 Finished transferring input files
...
001 (11708664.017.000) 2025-04-20 02:55:09 Job executing on host: <131.225.189.192:9618?addrs=[2620-6a-0-8421-f0-0-189-192]-9618+131.225.189.192-9618&alias=cmswn2136.fnal.gov&noUDP&sock=startd_2323_f698>
	SlotName: slot1_1@cmswn2136.fnal.gov
	CondorScratchDir = "/storage/local/data1/condor/execute/dir_3149184"
	Cpus = 4
	Disk = 5246164
	GPUs = 0
	Memory = 8192
...
006 (11708664.017.000) 2025-04-20 02:55:17 Image size of job updated: 64
	64  -  MemoryUsage of job (MB)
	66200  -  ResidentSetSize of job (KB)
...
006 (11708664.017.000) 2025-04-20 02:55:32 Image size of job updated: 1027
	1027  -  MemoryUsage of job (MB)
	1051916  -  ResidentSetSize of job (KB)
...
040 (11708664.017.000) 2025-04-20 02:55:32 Started transferring output files
...
040 (11708664.017.000) 2025-04-20 02:55:32 Finished transferring output files
...
005 (11708664.017.000) 2025-04-20 02:55:33 Job terminated.
	(1) Normal termination (return value 1)
		Usr 0 00:00:01, Sys 0 00:00:00  -  Run Remote Usage
		Usr 0 00:00:00, Sys 0 00:00:00  -  Run Local Usage
		Usr 0 00:00:01, Sys 0 00:00:00  -  Total Remote Usage
		Usr 0 00:00:00, Sys 0 00:00:00  -  Total Local Usage
	43380  -  Run Bytes Sent By Job
	29155  -  Run Bytes Received By Job
	43380  -  Total Bytes Sent By Job
	29155  -  Total Bytes Received By Job
	Partitionable Resources :    Usage  Request Allocated 
	   Cpus                 :        0        4         4 
	   Disk (KB)            :      857  5242880   5246164 
	   GPUs                 :                           0 
	   Memory (MB)          :     1027     8192      8192 
	   TimeExecute (s)      :       23                    
	   TimeSlotBusy (s)     :       25                    

	Job terminated of its own accord at 2025-04-20T07:55:32Z with exit-code 1.
...
