000 (11708664.006.000) 2025-04-20 02:54:58 Job submitted from host: <131.225.189.251:9618?addrs=131.225.189.251-9618+[2620-6a-0-8421--e8]-9618&alias=lpcschedd4.fnal.gov&noUDP&sock=schedd_1901_81a0>
...
040 (11708664.006.000) 2025-04-20 02:55:06 Started transferring input files
	Transferring to host: <131.225.189.228:9618?addrs=[2620-6a-0-8421-f0-0-189-228]-9618+131.225.189.228-9618&alias=cmswn2153.fnal.gov&noUDP&sock=slot1_10_2377_8fba_29048>
...
040 (11708664.006.000) 2025-04-20 02:55:06 Finished transferring input files
...
001 (11708664.006.000) 2025-04-20 02:55:07 Job executing on host: <131.225.189.228:9618?addrs=[2620-6a-0-8421-f0-0-189-228]-9618+131.225.189.228-9618&alias=cmswn2153.fnal.gov&noUDP&sock=startd_2283_86ce>
	SlotName: slot1_10@cmswn2153.fnal.gov
	CondorScratchDir = "/storage/local/data1/condor/execute/dir_3163287"
	Cpus = 4
	Disk = 5246146
	GPUs = 0
	Memory = 8192
...
006 (11708664.006.000) 2025-04-20 02:55:15 Image size of job updated: 111
	111  -  MemoryUsage of job (MB)
	114184  -  ResidentSetSize of job (KB)
...
006 (11708664.006.000) 2025-04-20 02:56:15 Image size of job updated: 1082
	1082  -  MemoryUsage of job (MB)
	1108232  -  ResidentSetSize of job (KB)
...
040 (11708664.006.000) 2025-04-20 02:56:21 Started transferring output files
...
040 (11708664.006.000) 2025-04-20 02:56:21 Finished transferring output files
...
005 (11708664.006.000) 2025-04-20 02:56:22 Job terminated.
	(1) Normal termination (return value 1)
		Usr 0 00:00:04, Sys 0 00:00:03  -  Run Remote Usage
		Usr 0 00:00:00, Sys 0 00:00:00  -  Run Local Usage
		Usr 0 00:00:04, Sys 0 00:00:03  -  Total Remote Usage
		Usr 0 00:00:00, Sys 0 00:00:00  -  Total Local Usage
	33121  -  Run Bytes Sent By Job
	29155  -  Run Bytes Received By Job
	33121  -  Total Bytes Sent By Job
	29155  -  Total Bytes Received By Job
	Partitionable Resources :    Usage  Request Allocated 
	   Cpus                 :     0.03        4         4 
	   Disk (KB)            :   847     5242880   5246146 
	   GPUs                 :                           0 
	   Memory (MB)          :  1082        8192      8192 
	   TimeExecute (s)      :    74                       
	   TimeSlotBusy (s)     :    76                       

	Job terminated of its own accord at 2025-04-20T07:56:21Z with exit-code 1.
...
