000 (11708664.021.000) 2025-04-20 02:54:58 Job submitted from host: <131.225.189.251:9618?addrs=131.225.189.251-9618+[2620-6a-0-8421--e8]-9618&alias=lpcschedd4.fnal.gov&noUDP&sock=schedd_1901_81a0>
...
040 (11708664.021.000) 2025-04-20 02:55:09 Started transferring input files
	Transferring to host: <131.225.188.161:9618?addrs=[2620-6a-0-8421-f0-0-188-161]-9618+131.225.188.161-9618&alias=cmswn2055.fnal.gov&noUDP&sock=slot1_2_2664_c765_32097>
...
040 (11708664.021.000) 2025-04-20 02:55:09 Finished transferring input files
...
001 (11708664.021.000) 2025-04-20 02:55:10 Job executing on host: <131.225.188.161:9618?addrs=[2620-6a-0-8421-f0-0-188-161]-9618+131.225.188.161-9618&alias=cmswn2055.fnal.gov&noUDP&sock=startd_2288_f4c7>
	SlotName: slot1_2@cmswn2055.fnal.gov
	CondorScratchDir = "/storage/local/data1/condor/execute/dir_2797373"
	Cpus = 4
	Disk = 5244410
	GPUs = 0
	Memory = 8192
...
006 (11708664.021.000) 2025-04-20 02:55:18 Image size of job updated: 48
	48  -  MemoryUsage of job (MB)
	49180  -  ResidentSetSize of job (KB)
...
006 (11708664.021.000) 2025-04-20 02:56:18 Image size of job updated: 1233
	1233  -  MemoryUsage of job (MB)
	1263556  -  ResidentSetSize of job (KB)
...
006 (11708664.021.000) 2025-04-20 02:57:19 Image size of job updated: 1341
	1341  -  MemoryUsage of job (MB)
	1373272  -  ResidentSetSize of job (KB)
...
006 (11708664.021.000) 2025-04-20 02:58:20 Image size of job updated: 1341
	1341  -  MemoryUsage of job (MB)
	1373660  -  ResidentSetSize of job (KB)
...
006 (11708664.021.000) 2025-04-20 02:59:20 Image size of job updated: 1341
	1341  -  MemoryUsage of job (MB)
	1373788  -  ResidentSetSize of job (KB)
...
006 (11708664.021.000) 2025-04-20 03:00:21 Image size of job updated: 1341
	1341  -  MemoryUsage of job (MB)
	1373868  -  ResidentSetSize of job (KB)
...
006 (11708664.021.000) 2025-04-20 03:01:21 Image size of job updated: 1341
	1341  -  MemoryUsage of job (MB)
	1374084  -  ResidentSetSize of job (KB)
...
006 (11708664.021.000) 2025-04-20 03:02:22 Image size of job updated: 1342
	1342  -  MemoryUsage of job (MB)
	1374208  -  ResidentSetSize of job (KB)
...
006 (11708664.021.000) 2025-04-20 03:05:23 Image size of job updated: 1342
	1342  -  MemoryUsage of job (MB)
	1374232  -  ResidentSetSize of job (KB)
...
006 (11708664.021.000) 2025-04-20 03:07:24 Image size of job updated: 1342
	1342  -  MemoryUsage of job (MB)
	1374256  -  ResidentSetSize of job (KB)
...
006 (11708664.021.000) 2025-04-20 03:09:25 Image size of job updated: 1342
	1342  -  MemoryUsage of job (MB)
	1374372  -  ResidentSetSize of job (KB)
...
040 (11708664.021.000) 2025-04-20 03:12:25 Started transferring output files
...
040 (11708664.021.000) 2025-04-20 03:12:25 Finished transferring output files
...
005 (11708664.021.000) 2025-04-20 03:12:25 Job terminated.
	(1) Normal termination (return value 1)
		Usr 0 00:13:03, Sys 0 00:00:37  -  Run Remote Usage
		Usr 0 00:00:00, Sys 0 00:00:00  -  Run Local Usage
		Usr 0 00:13:03, Sys 0 00:00:37  -  Total Remote Usage
		Usr 0 00:00:00, Sys 0 00:00:00  -  Total Local Usage
	60313  -  Run Bytes Sent By Job
	29155  -  Run Bytes Received By Job
	60313  -  Total Bytes Sent By Job
	29155  -  Total Bytes Received By Job
	Partitionable Resources :    Usage  Request Allocated 
	   Cpus                 :     0.00        4         4 
	   Disk (KB)            :   874     5242880   5244410 
	   GPUs                 :                           0 
	   Memory (MB)          :  1342        8192      8192 
	   TimeExecute (s)      :  1035                       
	   TimeSlotBusy (s)     :  1036                       

	Job terminated of its own accord at 2025-04-20T08:12:25Z with exit-code 1.
...
