000 (11708664.007.000) 2025-04-20 02:54:58 Job submitted from host: <131.225.189.251:9618?addrs=131.225.189.251-9618+[2620-6a-0-8421--e8]-9618&alias=lpcschedd4.fnal.gov&noUDP&sock=schedd_1901_81a0>
...
040 (11708664.007.000) 2025-04-20 02:55:06 Started transferring input files
	Transferring to host: <131.225.188.227:9618?addrs=[2620-6a-0-8421-f0-0-188-227]-9618+131.225.188.227-9618&alias=cmswn2071.fnal.gov&noUDP&sock=slot1_10_2614_8ca3_31833>
...
040 (11708664.007.000) 2025-04-20 02:55:06 Finished transferring input files
...
001 (11708664.007.000) 2025-04-20 02:55:07 Job executing on host: <131.225.188.227:9618?addrs=[2620-6a-0-8421-f0-0-188-227]-9618+131.225.188.227-9618&alias=cmswn2071.fnal.gov&noUDP&sock=startd_2296_7189>
	SlotName: slot1_10@cmswn2071.fnal.gov
	CondorScratchDir = "/storage/local/data1/condor/execute/dir_1061278"
	Cpus = 4
	Disk = 5244422
	GPUs = 0
	Memory = 8192
...
006 (11708664.007.000) 2025-04-20 02:55:15 Image size of job updated: 115
	115  -  MemoryUsage of job (MB)
	117848  -  ResidentSetSize of job (KB)
...
006 (11708664.007.000) 2025-04-20 02:56:16 Image size of job updated: 866
	866  -  MemoryUsage of job (MB)
	887636  -  ResidentSetSize of job (KB)
...
006 (11708664.007.000) 2025-04-20 02:57:17 Image size of job updated: 1116
	1116  -  MemoryUsage of job (MB)
	1143756  -  ResidentSetSize of job (KB)
...
006 (11708664.007.000) 2025-04-20 02:58:17 Image size of job updated: 1117
	1117  -  MemoryUsage of job (MB)
	1144224  -  ResidentSetSize of job (KB)
...
006 (11708664.007.000) 2025-04-20 02:59:18 Image size of job updated: 1117
	1117  -  MemoryUsage of job (MB)
	1144532  -  ResidentSetSize of job (KB)
...
006 (11708664.007.000) 2025-04-20 03:00:18 Image size of job updated: 1117
	1117  -  MemoryUsage of job (MB)
	1144604  -  ResidentSetSize of job (KB)
...
006 (11708664.007.000) 2025-04-20 03:01:26 Image size of job updated: 1117
	1117  -  MemoryUsage of job (MB)
	1144648  -  ResidentSetSize of job (KB)
...
040 (11708664.007.000) 2025-04-20 03:01:27 Started transferring output files
...
040 (11708664.007.000) 2025-04-20 03:01:27 Finished transferring output files
...
005 (11708664.007.000) 2025-04-20 03:01:27 Job terminated.
	(1) Normal termination (return value 1)
		Usr 0 00:02:47, Sys 0 00:00:20  -  Run Remote Usage
		Usr 0 00:00:00, Sys 0 00:00:00  -  Run Local Usage
		Usr 0 00:02:47, Sys 0 00:00:20  -  Total Remote Usage
		Usr 0 00:00:00, Sys 0 00:00:00  -  Total Local Usage
	58323  -  Run Bytes Sent By Job
	29155  -  Run Bytes Received By Job
	58323  -  Total Bytes Sent By Job
	29155  -  Total Bytes Received By Job
	Partitionable Resources :    Usage  Request Allocated 
	   Cpus                 :     0.00        4         4 
	   Disk (KB)            :   872     5242880   5244422 
	   GPUs                 :                           0 
	   Memory (MB)          :  1117        8192      8192 
	   TimeExecute (s)      :   379                       
	   TimeSlotBusy (s)     :   381                       

	Job terminated of its own accord at 2025-04-20T08:01:26Z with exit-code 1.
...
