000 (11708664.024.000) 2025-04-20 02:54:58 Job submitted from host: <131.225.189.251:9618?addrs=131.225.189.251-9618+[2620-6a-0-8421--e8]-9618&alias=lpcschedd4.fnal.gov&noUDP&sock=schedd_1901_81a0>
...
040 (11708664.024.000) 2025-04-20 02:55:11 Started transferring input files
	Transferring to host: <131.225.189.62:9618?addrs=[2620-6a-0-8421-f0-0-189-62]-9618+131.225.189.62-9618&alias=cmswn2077.fnal.gov&noUDP&sock=slot1_3_116905_e5eb_23655>
...
040 (11708664.024.000) 2025-04-20 02:55:11 Finished transferring input files
...
001 (11708664.024.000) 2025-04-20 02:55:12 Job executing on host: <131.225.189.62:9618?addrs=[2620-6a-0-8421-f0-0-189-62]-9618+131.225.189.62-9618&alias=cmswn2077.fnal.gov&noUDP&sock=startd_2259_1088>
	SlotName: slot1_3@cmswn2077.fnal.gov
	CondorScratchDir = "/storage/local/data1/condor/execute/dir_3872726"
	Cpus = 4
	Disk = 5244404
	GPUs = 0
	Memory = 8192
...
006 (11708664.024.000) 2025-04-20 02:55:21 Image size of job updated: 110
	110  -  MemoryUsage of job (MB)
	113564  -  ResidentSetSize of job (KB)
...
006 (11708664.024.000) 2025-04-20 02:56:22 Image size of job updated: 1038
	1038  -  MemoryUsage of job (MB)
	1063088  -  ResidentSetSize of job (KB)
...
006 (11708664.024.000) 2025-04-20 02:57:22 Image size of job updated: 1303
	1303  -  MemoryUsage of job (MB)
	1334468  -  ResidentSetSize of job (KB)
...
006 (11708664.024.000) 2025-04-20 02:58:23 Image size of job updated: 1303
	1303  -  MemoryUsage of job (MB)
	1334508  -  ResidentSetSize of job (KB)
...
006 (11708664.024.000) 2025-04-20 02:59:23 Image size of job updated: 1306
	1306  -  MemoryUsage of job (MB)
	1338160  -  ResidentSetSize of job (KB)
...
006 (11708664.024.000) 2025-04-20 03:00:24 Image size of job updated: 1410
	1410  -  MemoryUsage of job (MB)
	1444216  -  ResidentSetSize of job (KB)
...
006 (11708664.024.000) 2025-04-20 03:03:25 Image size of job updated: 1410
	1410  -  MemoryUsage of job (MB)
	1444756  -  ResidentSetSize of job (KB)
...
006 (11708664.024.000) 2025-04-20 03:04:26 Image size of job updated: 1410
	1410  -  MemoryUsage of job (MB)
	1444780  -  ResidentSetSize of job (KB)
...
006 (11708664.024.000) 2025-04-20 03:06:27 Image size of job updated: 1411
	1411  -  MemoryUsage of job (MB)
	1444908  -  ResidentSetSize of job (KB)
...
006 (11708664.024.000) 2025-04-20 03:12:30 Image size of job updated: 1411
	1411  -  MemoryUsage of job (MB)
	1445056  -  ResidentSetSize of job (KB)
...
006 (11708664.024.000) 2025-04-20 03:59:53 Image size of job updated: 1411
	1411  -  MemoryUsage of job (MB)
	1445092  -  ResidentSetSize of job (KB)
...
006 (11708664.024.000) 2025-04-20 04:11:00 Image size of job updated: 1411
	1411  -  MemoryUsage of job (MB)
	1445156  -  ResidentSetSize of job (KB)
...
040 (11708664.024.000) 2025-04-20 05:34:32 Started transferring output files
...
040 (11708664.024.000) 2025-04-20 05:34:32 Finished transferring output files
...
005 (11708664.024.000) 2025-04-20 05:34:32 Job terminated.
	(1) Normal termination (return value 1)
		Usr 0 02:14:22, Sys 0 00:03:45  -  Run Remote Usage
		Usr 0 00:00:00, Sys 0 00:00:00  -  Run Local Usage
		Usr 0 02:14:22, Sys 0 00:03:45  -  Total Remote Usage
		Usr 0 00:00:00, Sys 0 00:00:00  -  Total Local Usage
	60455  -  Run Bytes Sent By Job
	29155  -  Run Bytes Received By Job
	60455  -  Total Bytes Sent By Job
	29155  -  Total Bytes Received By Job
	Partitionable Resources :    Usage  Request Allocated 
	   Cpus                 :     0.00        4         4 
	   Disk (KB)            :   874     5242880   5244404 
	   GPUs                 :                           0 
	   Memory (MB)          :  1411        8192      8192 
	   TimeExecute (s)      :  9560                       
	   TimeSlotBusy (s)     :  9561                       

	Job terminated of its own accord at 2025-04-20T10:34:32Z with exit-code 1.
...
