000 (11708664.001.000) 2025-04-20 02:54:58 Job submitted from host: <131.225.189.251:9618?addrs=131.225.189.251-9618+[2620-6a-0-8421--e8]-9618&alias=lpcschedd4.fnal.gov&noUDP&sock=schedd_1901_81a0>
...
040 (11708664.001.000) 2025-04-20 02:55:06 Started transferring input files
	Transferring to host: <131.225.189.41:9618?addrs=[2620-6a-0-8421-f0-0-189-41]-9618+131.225.189.41-9618&alias=cmswn2093.fnal.gov&noUDP&sock=slot1_9_2607_9e03_30996>
...
040 (11708664.001.000) 2025-04-20 02:55:06 Finished transferring input files
...
001 (11708664.001.000) 2025-04-20 02:55:07 Job executing on host: <131.225.189.41:9618?addrs=[2620-6a-0-8421-f0-0-189-41]-9618+131.225.189.41-9618&alias=cmswn2093.fnal.gov&noUDP&sock=startd_2288_f4c7>
	SlotName: slot1_9@cmswn2093.fnal.gov
	CondorScratchDir = "/storage/local/data1/condor/execute/dir_3648031"
	Cpus = 4
	Disk = 5244415
	GPUs = 0
	Memory = 8192
...
006 (11708664.001.000) 2025-04-20 02:55:15 Image size of job updated: 60
	60  -  MemoryUsage of job (MB)
	62028  -  ResidentSetSize of job (KB)
...
006 (11708664.001.000) 2025-04-20 02:56:16 Image size of job updated: 1341
	1341  -  MemoryUsage of job (MB)
	1373308  -  ResidentSetSize of job (KB)
...
006 (11708664.001.000) 2025-04-20 02:58:17 Image size of job updated: 1341
	1341  -  MemoryUsage of job (MB)
	1373584  -  ResidentSetSize of job (KB)
...
006 (11708664.001.000) 2025-04-20 03:01:18 Image size of job updated: 1507
	1507  -  MemoryUsage of job (MB)
	1543876  -  ResidentSetSize of job (KB)
...
006 (11708664.001.000) 2025-04-20 03:02:18 Image size of job updated: 1507
	1507  -  MemoryUsage of job (MB)
	1544164  -  ResidentSetSize of job (KB)
...
006 (11708664.001.000) 2025-04-20 03:04:19 Image size of job updated: 1508
	1508  -  MemoryUsage of job (MB)
	1544328  -  ResidentSetSize of job (KB)
...
006 (11708664.001.000) 2025-04-20 03:07:21 Image size of job updated: 1509
	1509  -  MemoryUsage of job (MB)
	1546088  -  ResidentSetSize of job (KB)
...
006 (11708664.001.000) 2025-04-20 03:08:21 Image size of job updated: 1509
	1509  -  MemoryUsage of job (MB)
	1546188  -  ResidentSetSize of job (KB)
...
006 (11708664.001.000) 2025-04-20 03:11:23 Image size of job updated: 1510
	1510  -  MemoryUsage of job (MB)
	1546244  -  ResidentSetSize of job (KB)
...
006 (11708664.001.000) 2025-04-20 03:14:25 Image size of job updated: 1510
	1510  -  MemoryUsage of job (MB)
	1546436  -  ResidentSetSize of job (KB)
...
006 (11708664.001.000) 2025-04-20 04:37:05 Image size of job updated: 1511
	1511  -  MemoryUsage of job (MB)
	1547844  -  ResidentSetSize of job (KB)
...
006 (11708664.001.000) 2025-04-20 04:40:07 Image size of job updated: 1511
	1511  -  MemoryUsage of job (MB)
	1547932  -  ResidentSetSize of job (KB)
...
040 (11708664.001.000) 2025-04-20 08:15:27 Started transferring output files
...
040 (11708664.001.000) 2025-04-20 08:15:27 Finished transferring output files
...
005 (11708664.001.000) 2025-04-20 08:15:28 Job terminated.
	(1) Normal termination (return value 1)
		Usr 0 04:43:08, Sys 0 00:05:25  -  Run Remote Usage
		Usr 0 00:00:00, Sys 0 00:00:00  -  Run Local Usage
		Usr 0 04:43:08, Sys 0 00:05:25  -  Total Remote Usage
		Usr 0 00:00:00, Sys 0 00:00:00  -  Total Local Usage
	60068  -  Run Bytes Sent By Job
	29155  -  Run Bytes Received By Job
	60068  -  Total Bytes Sent By Job
	29155  -  Total Bytes Received By Job
	Partitionable Resources :    Usage  Request Allocated 
	   Cpus                 :     0.00        4         4 
	   Disk (KB)            :   874     5242880   5244415 
	   GPUs                 :                           0 
	   Memory (MB)          :  1511        8192      8192 
	   TimeExecute (s)      : 19219                       
	   TimeSlotBusy (s)     : 19223                       

	Job terminated of its own accord at 2025-04-20T13:15:26Z with exit-code 1.
...
