000 (11708664.008.000) 2025-04-20 02:54:58 Job submitted from host: <131.225.189.251:9618?addrs=131.225.189.251-9618+[2620-6a-0-8421--e8]-9618&alias=lpcschedd4.fnal.gov&noUDP&sock=schedd_1901_81a0>
...
040 (11708664.008.000) 2025-04-20 02:55:07 Started transferring input files
	Transferring to host: <131.225.189.201:9618?addrs=[2620-6a-0-8421-f0-0-189-201]-9618+131.225.189.201-9618&alias=cmswn2139.fnal.gov&noUDP&sock=slot1_10_2447_e1fd_28521>
...
040 (11708664.008.000) 2025-04-20 02:55:07 Finished transferring input files
...
001 (11708664.008.000) 2025-04-20 02:55:08 Job executing on host: <131.225.189.201:9618?addrs=[2620-6a-0-8421-f0-0-189-201]-9618+131.225.189.201-9618&alias=cmswn2139.fnal.gov&noUDP&sock=startd_2332_22f2>
	SlotName: slot1_10@cmswn2139.fnal.gov
	CondorScratchDir = "/storage/local/data1/condor/execute/dir_4038563"
	Cpus = 4
	Disk = 5246165
	GPUs = 0
	Memory = 8192
...
006 (11708664.008.000) 2025-04-20 02:55:16 Image size of job updated: 112
	112  -  MemoryUsage of job (MB)
	115344  -  ResidentSetSize of job (KB)
...
006 (11708664.008.000) 2025-04-20 02:56:16 Image size of job updated: 1070
	1070  -  MemoryUsage of job (MB)
	1095820  -  ResidentSetSize of job (KB)
...
006 (11708664.008.000) 2025-04-20 02:56:31 Image size of job updated: 1097
	1097  -  MemoryUsage of job (MB)
	1123532  -  ResidentSetSize of job (KB)
...
040 (11708664.008.000) 2025-04-20 02:56:31 Started transferring output files
...
040 (11708664.008.000) 2025-04-20 02:56:31 Finished transferring output files
...
005 (11708664.008.000) 2025-04-20 02:56:31 Job terminated.
	(1) Normal termination (return value 1)
		Usr 0 00:00:03, Sys 0 00:00:03  -  Run Remote Usage
		Usr 0 00:00:00, Sys 0 00:00:00  -  Run Local Usage
		Usr 0 00:00:03, Sys 0 00:00:03  -  Total Remote Usage
		Usr 0 00:00:00, Sys 0 00:00:00  -  Total Local Usage
	35034  -  Run Bytes Sent By Job
	29155  -  Run Bytes Received By Job
	35034  -  Total Bytes Sent By Job
	29155  -  Total Bytes Received By Job
	Partitionable Resources :    Usage  Request Allocated 
	   Cpus                 :     0.03        4         4 
	   Disk (KB)            :   849     5242880   5246165 
	   GPUs                 :                           0 
	   Memory (MB)          :  1097        8192      8192 
	   TimeExecute (s)      :    83                       
	   TimeSlotBusy (s)     :    84                       

	Job terminated of its own accord at 2025-04-20T07:56:31Z with exit-code 1.
...
