000 (11708664.028.000) 2025-04-20 02:54:59 Job submitted from host: <131.225.189.251:9618?addrs=131.225.189.251-9618+[2620-6a-0-8421--e8]-9618&alias=lpcschedd4.fnal.gov&noUDP&sock=schedd_1901_81a0>
...
040 (11708664.028.000) 2025-04-20 02:55:10 Started transferring input files
	Transferring to host: <131.225.189.186:9618?addrs=[2620-6a-0-8421-f0-0-189-186]-9618+131.225.189.186-9618&alias=cmswn2133.fnal.gov&noUDP&sock=slot1_6_1296730_57b4_26345>
...
040 (11708664.028.000) 2025-04-20 02:55:10 Finished transferring input files
...
001 (11708664.028.000) 2025-04-20 02:55:11 Job executing on host: <131.225.189.186:9618?addrs=[2620-6a-0-8421-f0-0-189-186]-9618+131.225.189.186-9618&alias=cmswn2133.fnal.gov&noUDP&sock=startd_2329_1429>
	SlotName: slot1_6@cmswn2133.fnal.gov
	CondorScratchDir = "/storage/local/data1/condor/execute/dir_4017929"
	Cpus = 4
	Disk = 5246172
	GPUs = 0
	Memory = 8192
...
006 (11708664.028.000) 2025-04-20 02:55:20 Image size of job updated: 65
	65  -  MemoryUsage of job (MB)
	67540  -  ResidentSetSize of job (KB)
...
006 (11708664.028.000) 2025-04-20 02:56:20 Image size of job updated: 1280
	1280  -  MemoryUsage of job (MB)
	1310820  -  ResidentSetSize of job (KB)
...
006 (11708664.028.000) 2025-04-20 02:57:22 Image size of job updated: 1280
	1280  -  MemoryUsage of job (MB)
	1311036  -  ResidentSetSize of job (KB)
...
006 (11708664.028.000) 2025-04-20 03:01:23 Image size of job updated: 1385
	1385  -  MemoryUsage of job (MB)
	1418932  -  ResidentSetSize of job (KB)
...
006 (11708664.028.000) 2025-04-20 03:05:26 Image size of job updated: 1386
	1386  -  MemoryUsage of job (MB)
	1419648  -  ResidentSetSize of job (KB)
...
006 (11708664.028.000) 2025-04-20 03:10:29 Image size of job updated: 1386
	1386  -  MemoryUsage of job (MB)
	1419772  -  ResidentSetSize of job (KB)
...
006 (11708664.028.000) 2025-04-20 03:11:30 Image size of job updated: 1386
	1386  -  MemoryUsage of job (MB)
	1419884  -  ResidentSetSize of job (KB)
...
006 (11708664.028.000) 2025-04-20 03:12:30 Image size of job updated: 1386
	1386  -  MemoryUsage of job (MB)
	1419964  -  ResidentSetSize of job (KB)
...
006 (11708664.028.000) 2025-04-20 03:27:39 Image size of job updated: 1386
	1386  -  MemoryUsage of job (MB)
	1419980  -  ResidentSetSize of job (KB)
...
006 (11708664.028.000) 2025-04-20 03:35:41 Image size of job updated: 1386
	1386  -  MemoryUsage of job (MB)
	1420004  -  ResidentSetSize of job (KB)
...
006 (11708664.028.000) 2025-04-20 03:36:41 Image size of job updated: 1386
	1386  -  MemoryUsage of job (MB)
	1420064  -  ResidentSetSize of job (KB)
...
006 (11708664.028.000) 2025-04-20 03:37:42 Image size of job updated: 1386
	1386  -  MemoryUsage of job (MB)
	1420148  -  ResidentSetSize of job (KB)
...
006 (11708664.028.000) 2025-04-20 03:57:51 Image size of job updated: 1417
	1417  -  MemoryUsage of job (MB)
	1451196  -  ResidentSetSize of job (KB)
...
006 (11708664.028.000) 2025-04-20 03:58:51 Image size of job updated: 1460
	1460  -  MemoryUsage of job (MB)
	1495844  -  ResidentSetSize of job (KB)
...
006 (11708664.028.000) 2025-04-20 03:59:52 Image size of job updated: 1485
	1485  -  MemoryUsage of job (MB)
	1520848  -  ResidentSetSize of job (KB)
...
006 (11708664.028.000) 2025-04-20 04:00:53 Image size of job updated: 1493
	1493  -  MemoryUsage of job (MB)
	1529464  -  ResidentSetSize of job (KB)
...
006 (11708664.028.000) 2025-04-20 04:01:54 Image size of job updated: 1493
	1493  -  MemoryUsage of job (MB)
	1529656  -  ResidentSetSize of job (KB)
...
006 (11708664.028.000) 2025-04-20 04:03:55 Image size of job updated: 1494
	1494  -  MemoryUsage of job (MB)
	1530000  -  ResidentSetSize of job (KB)
...
040 (11708664.028.000) 2025-04-20 07:21:37 Started transferring output files
...
040 (11708664.028.000) 2025-04-20 07:21:37 Finished transferring output files
...
005 (11708664.028.000) 2025-04-20 07:21:37 Job terminated.
	(1) Normal termination (return value 1)
		Usr 0 03:50:04, Sys 0 00:04:53  -  Run Remote Usage
		Usr 0 00:00:00, Sys 0 00:00:00  -  Run Local Usage
		Usr 0 03:50:04, Sys 0 00:04:53  -  Total Remote Usage
		Usr 0 00:00:00, Sys 0 00:00:00  -  Total Local Usage
	60473  -  Run Bytes Sent By Job
	29155  -  Run Bytes Received By Job
	60473  -  Total Bytes Sent By Job
	29155  -  Total Bytes Received By Job
	Partitionable Resources :    Usage  Request Allocated 
	   Cpus                 :     0.00        4         4 
	   Disk (KB)            :   873     5242880   5246172 
	   GPUs                 :                           0 
	   Memory (MB)          :  1494        8192      8192 
	   TimeExecute (s)      : 15986                       
	   TimeSlotBusy (s)     : 15987                       

	Job terminated of its own accord at 2025-04-20T12:21:37Z with exit-code 1.
...
