000 (11708664.005.000) 2025-04-20 02:54:58 Job submitted from host: <131.225.189.251:9618?addrs=131.225.189.251-9618+[2620-6a-0-8421--e8]-9618&alias=lpcschedd4.fnal.gov&noUDP&sock=schedd_1901_81a0>
...
040 (11708664.005.000) 2025-04-20 02:55:06 Started transferring input files
	Transferring to host: <131.225.189.36:9618?addrs=[2620-6a-0-8421-f0-0-189-36]-9618+131.225.189.36-9618&alias=cmswn2089.fnal.gov&noUDP&sock=slot1_8_3466_dc46_31741>
...
040 (11708664.005.000) 2025-04-20 02:55:06 Finished transferring input files
...
001 (11708664.005.000) 2025-04-20 02:55:07 Job executing on host: <131.225.189.36:9618?addrs=[2620-6a-0-8421-f0-0-189-36]-9618+131.225.189.36-9618&alias=cmswn2089.fnal.gov&noUDP&sock=startd_2906_da4e>
	SlotName: slot1_8@cmswn2089.fnal.gov
	CondorScratchDir = "/storage/local/data1/condor/execute/dir_2325830"
	Cpus = 4
	Disk = 5244409
	GPUs = 0
	Memory = 8192
...
006 (11708664.005.000) 2025-04-20 02:55:15 Image size of job updated: 126
	126  -  MemoryUsage of job (MB)
	129180  -  ResidentSetSize of job (KB)
...
006 (11708664.005.000) 2025-04-20 02:55:28 Image size of job updated: 1077
	1077  -  MemoryUsage of job (MB)
	1103708  -  ResidentSetSize of job (KB)
...
040 (11708664.005.000) 2025-04-20 02:55:29 Started transferring output files
...
040 (11708664.005.000) 2025-04-20 02:55:29 Finished transferring output files
...
005 (11708664.005.000) 2025-04-20 02:55:29 Job terminated.
	(1) Normal termination (return value 1)
		Usr 0 00:00:06, Sys 0 00:00:02  -  Run Remote Usage
		Usr 0 00:00:00, Sys 0 00:00:00  -  Run Local Usage
		Usr 0 00:00:06, Sys 0 00:00:02  -  Total Remote Usage
		Usr 0 00:00:00, Sys 0 00:00:00  -  Total Local Usage
	32979  -  Run Bytes Sent By Job
	29155  -  Run Bytes Received By Job
	32979  -  Total Bytes Sent By Job
	29155  -  Total Bytes Received By Job
	Partitionable Resources :    Usage  Request Allocated 
	   Cpus                 :        0        4         4 
	   Disk (KB)            :      847  5242880   5244409 
	   GPUs                 :                           0 
	   Memory (MB)          :     1077     8192      8192 
	   TimeExecute (s)      :       21                    
	   TimeSlotBusy (s)     :       23                    

	Job terminated of its own accord at 2025-04-20T07:55:28Z with exit-code 1.
...
