000 (11708664.004.000) 2025-04-20 02:54:58 Job submitted from host: <131.225.189.251:9618?addrs=131.225.189.251-9618+[2620-6a-0-8421--e8]-9618&alias=lpcschedd4.fnal.gov&noUDP&sock=schedd_1901_81a0>
...
040 (11708664.004.000) 2025-04-20 02:55:06 Started transferring input files
	Transferring to host: <131.225.188.112:9618?addrs=[2620-6a-0-8421-f0-0-188-112]-9618+131.225.188.112-9618&alias=cmswn2048.fnal.gov&noUDP&sock=slot1_5_2589425_e9ab_21620>
...
040 (11708664.004.000) 2025-04-20 02:55:06 Finished transferring input files
...
001 (11708664.004.000) 2025-04-20 02:55:07 Job executing on host: <131.225.188.112:9618?addrs=[2620-6a-0-8421-f0-0-188-112]-9618+131.225.188.112-9618&alias=cmswn2048.fnal.gov&noUDP&sock=startd_2247_d565>
	SlotName: slot1_5@cmswn2048.fnal.gov
	CondorScratchDir = "/storage/local/data1/condor/execute/dir_794573"
	Cpus = 4
	Disk = 5244423
	GPUs = 0
	Memory = 8192
...
006 (11708664.004.000) 2025-04-20 02:55:15 Image size of job updated: 128
	128  -  MemoryUsage of job (MB)
	131540  -  ResidentSetSize of job (KB)
...
006 (11708664.004.000) 2025-04-20 02:55:37 Image size of job updated: 1097
	1097  -  MemoryUsage of job (MB)
	1123768  -  ResidentSetSize of job (KB)
...
040 (11708664.004.000) 2025-04-20 02:55:37 Started transferring output files
...
040 (11708664.004.000) 2025-04-20 02:55:37 Finished transferring output files
...
005 (11708664.004.000) 2025-04-20 02:55:37 Job terminated.
	(1) Normal termination (return value 1)
		Usr 0 00:00:01, Sys 0 00:00:00  -  Run Remote Usage
		Usr 0 00:00:00, Sys 0 00:00:00  -  Run Local Usage
		Usr 0 00:00:01, Sys 0 00:00:00  -  Total Remote Usage
		Usr 0 00:00:00, Sys 0 00:00:00  -  Total Local Usage
	45186  -  Run Bytes Sent By Job
	29155  -  Run Bytes Received By Job
	45186  -  Total Bytes Sent By Job
	29155  -  Total Bytes Received By Job
	Partitionable Resources :    Usage  Request Allocated 
	   Cpus                 :        0        4         4 
	   Disk (KB)            :      859  5242880   5244423 
	   GPUs                 :                           0 
	   Memory (MB)          :     1097     8192      8192 
	   TimeExecute (s)      :       30                    
	   TimeSlotBusy (s)     :       31                    

	Job terminated of its own accord at 2025-04-20T07:55:37Z with exit-code 1.
...
