000 (11708664.002.000) 2025-04-20 02:54:58 Job submitted from host: <131.225.189.251:9618?addrs=131.225.189.251-9618+[2620-6a-0-8421--e8]-9618&alias=lpcschedd4.fnal.gov&noUDP&sock=schedd_1901_81a0>
...
040 (11708664.002.000) 2025-04-20 02:55:06 Started transferring input files
	Transferring to host: <131.225.188.199:9618?addrs=[2620-6a-0-8421-f0-0-188-199]-9618+131.225.188.199-9618&alias=cmswn2064.fnal.gov&noUDP&sock=slot1_5_2603_cc83_28416>
...
040 (11708664.002.000) 2025-04-20 02:55:06 Finished transferring input files
...
001 (11708664.002.000) 2025-04-20 02:55:07 Job executing on host: <131.225.188.199:9618?addrs=[2620-6a-0-8421-f0-0-188-199]-9618+131.225.188.199-9618&alias=cmswn2064.fnal.gov&noUDP&sock=startd_2277_693c>
	SlotName: slot1_5@cmswn2064.fnal.gov
	CondorScratchDir = "/storage/local/data1/condor/execute/dir_3424174"
	Cpus = 4
	Disk = 5244407
	GPUs = 0
	Memory = 8192
...
006 (11708664.002.000) 2025-04-20 02:55:15 Image size of job updated: 110
	110  -  MemoryUsage of job (MB)
	113216  -  ResidentSetSize of job (KB)
...
006 (11708664.002.000) 2025-04-20 02:56:16 Image size of job updated: 1090
	1090  -  MemoryUsage of job (MB)
	1116368  -  ResidentSetSize of job (KB)
...
006 (11708664.002.000) 2025-04-20 02:57:17 Image size of job updated: 1090
	1090  -  MemoryUsage of job (MB)
	1116640  -  ResidentSetSize of job (KB)
...
040 (11708664.002.000) 2025-04-20 02:58:44 Started transferring output files
...
040 (11708664.002.000) 2025-04-20 02:58:44 Finished transferring output files
...
005 (11708664.002.000) 2025-04-20 02:58:45 Job terminated.
	(1) Normal termination (return value 1)
		Usr 0 00:01:59, Sys 0 00:00:22  -  Run Remote Usage
		Usr 0 00:00:00, Sys 0 00:00:00  -  Run Local Usage
		Usr 0 00:01:59, Sys 0 00:00:22  -  Total Remote Usage
		Usr 0 00:00:00, Sys 0 00:00:00  -  Total Local Usage
	55768  -  Run Bytes Sent By Job
	29155  -  Run Bytes Received By Job
	55768  -  Total Bytes Sent By Job
	29155  -  Total Bytes Received By Job
	Partitionable Resources :    Usage  Request Allocated 
	   Cpus                 :     0.00        4         4 
	   Disk (KB)            :   870     5242880   5244407 
	   GPUs                 :                           0 
	   Memory (MB)          :  1090        8192      8192 
	   TimeExecute (s)      :   217                       
	   TimeSlotBusy (s)     :   220                       

	Job terminated of its own accord at 2025-04-20T07:58:44Z with exit-code 1.
...
