000 (11708664.022.000) 2025-04-20 02:54:58 Job submitted from host: <131.225.189.251:9618?addrs=131.225.189.251-9618+[2620-6a-0-8421--e8]-9618&alias=lpcschedd4.fnal.gov&noUDP&sock=schedd_1901_81a0>
...
040 (11708664.022.000) 2025-04-20 02:55:09 Started transferring input files
	Transferring to host: <131.225.189.155:9618?addrs=[2620-6a-0-8421-f0-0-189-155]-9618+131.225.189.155-9618&alias=cmswn2112.fnal.gov&noUDP&sock=slot1_1_3151376_3a8f_25238>
...
040 (11708664.022.000) 2025-04-20 02:55:09 Finished transferring input files
...
001 (11708664.022.000) 2025-04-20 02:55:10 Job executing on host: <131.225.189.155:9618?addrs=[2620-6a-0-8421-f0-0-189-155]-9618+131.225.189.155-9618&alias=cmswn2112.fnal.gov&noUDP&sock=startd_2322_46ff>
	SlotName: slot1_1@cmswn2112.fnal.gov
	CondorScratchDir = "/storage/local/data1/condor/execute/dir_1347808"
	Cpus = 4
	Disk = 5246179
	GPUs = 0
	Memory = 8192
...
006 (11708664.022.000) 2025-04-20 02:55:18 Image size of job updated: 66
	66  -  MemoryUsage of job (MB)
	68288  -  ResidentSetSize of job (KB)
...
006 (11708664.022.000) 2025-04-20 02:56:18 Image size of job updated: 1343
	1343  -  MemoryUsage of job (MB)
	1375316  -  ResidentSetSize of job (KB)
...
006 (11708664.022.000) 2025-04-20 02:57:19 Image size of job updated: 1343
	1343  -  MemoryUsage of job (MB)
	1375616  -  ResidentSetSize of job (KB)
...
006 (11708664.022.000) 2025-04-20 02:58:19 Image size of job updated: 1343
	1343  -  MemoryUsage of job (MB)
	1376012  -  ResidentSetSize of job (KB)
...
006 (11708664.022.000) 2025-04-20 03:00:20 Image size of job updated: 1344
	1344  -  MemoryUsage of job (MB)
	1376296  -  ResidentSetSize of job (KB)
...
006 (11708664.022.000) 2025-04-20 03:02:22 Image size of job updated: 1344
	1344  -  MemoryUsage of job (MB)
	1376376  -  ResidentSetSize of job (KB)
...
006 (11708664.022.000) 2025-04-20 03:03:22 Image size of job updated: 1344
	1344  -  MemoryUsage of job (MB)
	1376496  -  ResidentSetSize of job (KB)
...
006 (11708664.022.000) 2025-04-20 03:06:23 Image size of job updated: 1344
	1344  -  MemoryUsage of job (MB)
	1376572  -  ResidentSetSize of job (KB)
...
006 (11708664.022.000) 2025-04-20 03:07:24 Image size of job updated: 1344
	1344  -  MemoryUsage of job (MB)
	1376752  -  ResidentSetSize of job (KB)
...
040 (11708664.022.000) 2025-04-20 03:12:34 Started transferring output files
...
040 (11708664.022.000) 2025-04-20 03:12:34 Finished transferring output files
...
005 (11708664.022.000) 2025-04-20 03:12:34 Job terminated.
	(1) Normal termination (return value 1)
		Usr 0 00:13:30, Sys 0 00:00:35  -  Run Remote Usage
		Usr 0 00:00:00, Sys 0 00:00:00  -  Run Local Usage
		Usr 0 00:13:30, Sys 0 00:00:35  -  Total Remote Usage
		Usr 0 00:00:00, Sys 0 00:00:00  -  Total Local Usage
	60296  -  Run Bytes Sent By Job
	29155  -  Run Bytes Received By Job
	60296  -  Total Bytes Sent By Job
	29155  -  Total Bytes Received By Job
	Partitionable Resources :    Usage  Request Allocated 
	   Cpus                 :     0.00        4         4 
	   Disk (KB)            :   874     5242880   5246179 
	   GPUs                 :                           0 
	   Memory (MB)          :  1344        8192      8192 
	   TimeExecute (s)      :  1044                       
	   TimeSlotBusy (s)     :  1045                       

	Job terminated of its own accord at 2025-04-20T08:12:34Z with exit-code 1.
...
