000 (11708664.000.000) 2025-04-20 02:54:58 Job submitted from host: <131.225.189.251:9618?addrs=131.225.189.251-9618+[2620-6a-0-8421--e8]-9618&alias=lpcschedd4.fnal.gov&noUDP&sock=schedd_1901_81a0>
...
040 (11708664.000.000) 2025-04-20 02:55:05 Started transferring input files
	Transferring to host: <131.225.189.37:9618?addrs=[2620-6a-0-8421-f0-0-189-37]-9618+131.225.189.37-9618&alias=cmswn2090.fnal.gov&noUDP&sock=slot1_11_1624567_2aa8_11709>
...
040 (11708664.000.000) 2025-04-20 02:55:06 Finished transferring input files
...
001 (11708664.000.000) 2025-04-20 02:55:07 Job executing on host: <131.225.189.37:9618?addrs=[2620-6a-0-8421-f0-0-189-37]-9618+131.225.189.37-9618&alias=cmswn2090.fnal.gov&noUDP&sock=startd_2622_0d69>
	SlotName: slot1_11@cmswn2090.fnal.gov
	CondorScratchDir = "/storage/local/data1/condor/execute/dir_1459395"
	Cpus = 4
	Disk = 5244422
	GPUs = 0
	Memory = 8192
...
006 (11708664.000.000) 2025-04-20 02:55:15 Image size of job updated: 68
	68  -  MemoryUsage of job (MB)
	70580  -  ResidentSetSize of job (KB)
...
006 (11708664.000.000) 2025-04-20 02:56:16 Image size of job updated: 1055
	1055  -  MemoryUsage of job (MB)
	1080548  -  ResidentSetSize of job (KB)
...
006 (11708664.000.000) 2025-04-20 02:57:17 Image size of job updated: 1055
	1055  -  MemoryUsage of job (MB)
	1080764  -  ResidentSetSize of job (KB)
...
006 (11708664.000.000) 2025-04-20 02:58:17 Image size of job updated: 1055
	1055  -  MemoryUsage of job (MB)
	1081192  -  ResidentSetSize of job (KB)
...
040 (11708664.000.000) 2025-04-20 02:59:50 Started transferring output files
...
040 (11708664.000.000) 2025-04-20 02:59:50 Finished transferring output files
...
005 (11708664.000.000) 2025-04-20 02:59:51 Job terminated.
	(1) Normal termination (return value 1)
		Usr 0 00:02:38, Sys 0 00:00:17  -  Run Remote Usage
		Usr 0 00:00:00, Sys 0 00:00:00  -  Run Local Usage
		Usr 0 00:02:38, Sys 0 00:00:17  -  Total Remote Usage
		Usr 0 00:00:00, Sys 0 00:00:00  -  Total Local Usage
	53872  -  Run Bytes Sent By Job
	29155  -  Run Bytes Received By Job
	53872  -  Total Bytes Sent By Job
	29155  -  Total Bytes Received By Job
	Partitionable Resources :    Usage  Request Allocated 
	   Cpus                 :     0.00        4         4 
	   Disk (KB)            :   868     5242880   5244422 
	   GPUs                 :                           0 
	   Memory (MB)          :  1055        8192      8192 
	   TimeExecute (s)      :   283                       
	   TimeSlotBusy (s)     :   286                       

	Job terminated of its own accord at 2025-04-20T07:59:50Z with exit-code 1.
...
