000 (11708664.019.000) 2025-04-20 02:54:58 Job submitted from host: <131.225.189.251:9618?addrs=131.225.189.251-9618+[2620-6a-0-8421--e8]-9618&alias=lpcschedd4.fnal.gov&noUDP&sock=schedd_1901_81a0>
...
040 (11708664.019.000) 2025-04-20 02:55:09 Started transferring input files
	Transferring to host: <131.225.188.20:9618?addrs=[2620-6a-0-8421-f0-0-188-20]-9618+131.225.188.20-9618&alias=cmswn2022.fnal.gov&noUDP&sock=slot1_4_272700_91ca_14640>
...
040 (11708664.019.000) 2025-04-20 02:55:09 Finished transferring input files
...
001 (11708664.019.000) 2025-04-20 02:55:10 Job executing on host: <131.225.188.20:9618?addrs=[2620-6a-0-8421-f0-0-188-20]-9618+131.225.188.20-9618&alias=cmswn2022.fnal.gov&noUDP&sock=startd_2262_1f51>
	SlotName: slot1_4@cmswn2022.fnal.gov
	CondorScratchDir = "/storage/local/data1/condor/execute/dir_212201"
	Cpus = 4
	Disk = 5244532
	GPUs = 0
	Memory = 8192
...
006 (11708664.019.000) 2025-04-20 02:55:18 Image size of job updated: 111
	111  -  MemoryUsage of job (MB)
	114472  -  ResidentSetSize of job (KB)
...
006 (11708664.019.000) 2025-04-20 02:56:19 Image size of job updated: 1089
	1089  -  MemoryUsage of job (MB)
	1115368  -  ResidentSetSize of job (KB)
...
006 (11708664.019.000) 2025-04-20 02:57:19 Image size of job updated: 1089
	1089  -  MemoryUsage of job (MB)
	1115556  -  ResidentSetSize of job (KB)
...
006 (11708664.019.000) 2025-04-20 02:57:51 Image size of job updated: 1089
	1089  -  MemoryUsage of job (MB)
	1115612  -  ResidentSetSize of job (KB)
...
040 (11708664.019.000) 2025-04-20 02:57:51 Started transferring output files
...
040 (11708664.019.000) 2025-04-20 02:57:51 Finished transferring output files
...
005 (11708664.019.000) 2025-04-20 02:57:52 Job terminated.
	(1) Normal termination (return value 1)
		Usr 0 00:01:38, Sys 0 00:00:11  -  Run Remote Usage
		Usr 0 00:00:00, Sys 0 00:00:00  -  Run Local Usage
		Usr 0 00:01:38, Sys 0 00:00:11  -  Total Remote Usage
		Usr 0 00:00:00, Sys 0 00:00:00  -  Total Local Usage
	53022  -  Run Bytes Sent By Job
	29155  -  Run Bytes Received By Job
	53022  -  Total Bytes Sent By Job
	29155  -  Total Bytes Received By Job
	Partitionable Resources :    Usage  Request Allocated 
	   Cpus                 :     0.00        4         4 
	   Disk (KB)            :   867     5242880   5244532 
	   GPUs                 :                           0 
	   Memory (MB)          :  1089        8192      8192 
	   TimeExecute (s)      :   161                       
	   TimeSlotBusy (s)     :   163                       

	Job terminated of its own accord at 2025-04-20T07:57:51Z with exit-code 1.
...
