000 (11701735.026.000) 2025-04-19 04:34:51 Job submitted from host: <131.225.189.251:9618?addrs=131.225.189.251-9618+[2620-6a-0-8421--e8]-9618&alias=lpcschedd4.fnal.gov&noUDP&sock=schedd_1901_81a0>
...
040 (11701735.026.000) 2025-04-19 04:34:56 Started transferring input files
	Transferring to host: <131.225.189.46:9618?addrs=[2620-6a-0-8421-f0-0-189-46]-9618+131.225.189.46-9618&alias=cmswn2095.fnal.gov&noUDP&sock=slot1_2_3699_07af_33115>
...
040 (11701735.026.000) 2025-04-19 04:34:56 Finished transferring input files
...
040 (11701735.026.000) 2025-04-19 04:34:57 Started transferring output files
...
040 (11701735.026.000) 2025-04-19 04:34:57 Finished transferring output files
...
021 (11701735.026.000) 2025-04-19 04:34:57 Error from starter on slot1_2@cmswn2095.fnal.gov:
	Failed to transfer files: SHADOW at 131.225.189.251 failed to send file(s) to <131.225.189.46:40757>: |Error: reading from file /uscms_data/d3/vsinha/CMSSW_12_3_4/src/fly/histograms/filelist.txt: (errno 2) No such file or directory; STARTER failed to receive file(s) from <131.225.189.251:9618>
	Code 13 Subcode 2
...
004 (11701735.026.000) 2025-04-19 04:34:57 Job was evicted.
	(0) CPU times
		Usr 0 00:00:00, Sys 0 00:00:00  -  Run Remote Usage
		Usr 0 00:00:00, Sys 0 00:00:00  -  Run Local Usage
	0  -  Run Bytes Sent By Job
	26392  -  Run Bytes Received By Job
	Transfer input files failure at access point lpcschedd4 while sending files to execution point slot1_2@cmswn2095.fnal.gov. Details: reading from file /uscms_data/d3/vsinha/CMSSW_12_3_4/src/fly/histograms/filelist.txt: (errno 2) No such file or directory
	Partitionable Resources :    Usage  Request Allocated 
	   Cpus                 :                 4         4 
	   Disk (KB)            :       39  5242880   5244405 
	   GPUs                 :                           0 
	   Memory (MB)          :              8192      8192 
...
012 (11701735.026.000) 2025-04-19 04:34:57 Job was held.
	Transfer input files failure at access point lpcschedd4 while sending files to execution point slot1_2@cmswn2095.fnal.gov. Details: reading from file /uscms_data/d3/vsinha/CMSSW_12_3_4/src/fly/histograms/filelist.txt: (errno 2) No such file or directory
	Code 13 Subcode 2
...
012 (11701735.026.000) 2025-04-19 06:36:29 Job was held.
	via condor_hold (by user vsinha)
	Code 1 Subcode 0
...
013 (11701735.026.000) 2025-04-19 06:38:37 Job was released.
	via condor_release (by user vsinha)
...
040 (11701735.026.000) 2025-04-19 06:38:53 Started transferring input files
	Transferring to host: <131.225.189.197:9618?addrs=[2620-6a-0-8421-f0-0-189-197]-9618+131.225.189.197-9618&alias=cmswn2138.fnal.gov&noUDP&sock=slot1_1_2300_4ed7_31047>
...
040 (11701735.026.000) 2025-04-19 06:38:53 Finished transferring input files
...
040 (11701735.026.000) 2025-04-19 06:38:54 Started transferring output files
...
021 (11701735.026.000) 2025-04-19 06:38:54 Error from starter on slot1_1@cmswn2138.fnal.gov:
	Failed to transfer files: SHADOW at 131.225.189.251 failed to send file(s) to <131.225.189.197:37763>: |Error: reading from file /uscms_data/d3/vsinha/CMSSW_12_3_4/src/fly/histograms/filelist.txt: (errno 2) No such file or directory; STARTER failed to receive file(s) from <131.225.189.251:9618>
	Code 13 Subcode 2
...
004 (11701735.026.000) 2025-04-19 06:38:54 Job was evicted.
	(0) CPU times
		Usr 0 00:00:00, Sys 0 00:00:00  -  Run Remote Usage
		Usr 0 00:00:00, Sys 0 00:00:00  -  Run Local Usage
	0  -  Run Bytes Sent By Job
	26392  -  Run Bytes Received By Job
	Transfer input files failure at access point lpcschedd4 while sending files to execution point slot1_1@cmswn2138.fnal.gov. Details: reading from file /uscms_data/d3/vsinha/CMSSW_12_3_4/src/fly/histograms/filelist.txt: (errno 2) No such file or directory
	Partitionable Resources :    Usage  Request Allocated 
	   Cpus                 :                 4         4 
	   Disk (KB)            :       40  5242880   5246382 
	   GPUs                 :                           0 
	   Memory (MB)          :              8192      8192 
...
012 (11701735.026.000) 2025-04-19 06:38:54 Job was held.
	Transfer input files failure at access point lpcschedd4 while sending files to execution point slot1_1@cmswn2138.fnal.gov. Details: reading from file /uscms_data/d3/vsinha/CMSSW_12_3_4/src/fly/histograms/filelist.txt: (errno 2) No such file or directory
	Code 13 Subcode 2
...
013 (11701735.026.000) 2025-04-19 12:08:03 Job was released.
	via condor_release (by user vsinha)
...
040 (11701735.026.000) 2025-04-19 12:08:38 Started transferring input files
	Transferring to host: <131.225.188.199:9618?addrs=[2620-6a-0-8421-f0-0-188-199]-9618+131.225.188.199-9618&alias=cmswn2064.fnal.gov&noUDP&sock=slot1_11_2603_cc83_28220>
...
040 (11701735.026.000) 2025-04-19 12:08:38 Finished transferring input files
...
040 (11701735.026.000) 2025-04-19 12:08:39 Started transferring output files
...
021 (11701735.026.000) 2025-04-19 12:08:39 Error from starter on slot1_11@cmswn2064.fnal.gov:
	Failed to transfer files: SHADOW at 131.225.189.251 failed to send file(s) to <131.225.188.199:46389>: |Error: reading from file /uscms_data/d3/vsinha/CMSSW_12_3_4/src/fly/histograms/filelist.txt: (errno 2) No such file or directory; STARTER failed to receive file(s) from <131.225.189.251:9618>
	Code 13 Subcode 2
...
004 (11701735.026.000) 2025-04-19 12:08:39 Job was evicted.
	(0) CPU times
		Usr 0 00:00:00, Sys 0 00:00:00  -  Run Remote Usage
		Usr 0 00:00:00, Sys 0 00:00:00  -  Run Local Usage
	0  -  Run Bytes Sent By Job
	26392  -  Run Bytes Received By Job
	Transfer input files failure at access point lpcschedd4 while sending files to execution point slot1_11@cmswn2064.fnal.gov. Details: reading from file /uscms_data/d3/vsinha/CMSSW_12_3_4/src/fly/histograms/filelist.txt: (errno 2) No such file or directory
	Partitionable Resources :    Usage  Request Allocated 
	   Cpus                 :                 4         4 
	   Disk (KB)            :       43  5242880   5244407 
	   GPUs                 :                           0 
	   Memory (MB)          :              8192      8192 
...
012 (11701735.026.000) 2025-04-19 12:08:39 Job was held.
	Transfer input files failure at access point lpcschedd4 while sending files to execution point slot1_11@cmswn2064.fnal.gov. Details: reading from file /uscms_data/d3/vsinha/CMSSW_12_3_4/src/fly/histograms/filelist.txt: (errno 2) No such file or directory
	Code 13 Subcode 2
...
009 (11701735.026.000) 2025-04-20 02:54:43 Job was aborted.
	via condor_rm (by user vsinha)
...
