000 (11708664.013.000) 2025-04-20 02:54:58 Job submitted from host: <131.225.189.251:9618?addrs=131.225.189.251-9618+[2620-6a-0-8421--e8]-9618&alias=lpcschedd4.fnal.gov&noUDP&sock=schedd_1901_81a0>
...
040 (11708664.013.000) 2025-04-20 02:55:10 Started transferring input files
	Transferring to host: <131.225.188.210:9618?addrs=[2620-6a-0-8421-f0-0-188-210]-9618+131.225.188.210-9618&alias=cmswn2067.fnal.gov&noUDP&sock=slot1_1_3488_5c87_33651>
...
040 (11708664.013.000) 2025-04-20 02:55:10 Finished transferring input files
...
001 (11708664.013.000) 2025-04-20 02:55:11 Job executing on host: <131.225.188.210:9618?addrs=[2620-6a-0-8421-f0-0-188-210]-9618+131.225.188.210-9618&alias=cmswn2067.fnal.gov&noUDP&sock=startd_2908_397f>
	SlotName: slot1_1@cmswn2067.fnal.gov
	CondorScratchDir = "/storage/local/data1/condor/execute/dir_1979142"
	Cpus = 4
	Disk = 5244421
	GPUs = 0
	Memory = 8192
...
006 (11708664.013.000) 2025-04-20 02:55:20 Image size of job updated: 119
	119  -  MemoryUsage of job (MB)
	121968  -  ResidentSetSize of job (KB)
...
006 (11708664.013.000) 2025-04-20 02:56:21 Image size of job updated: 1107
	1107  -  MemoryUsage of job (MB)
	1134524  -  ResidentSetSize of job (KB)
...
006 (11708664.013.000) 2025-04-20 02:58:21 Image size of job updated: 1107
	1107  -  MemoryUsage of job (MB)
	1134532  -  ResidentSetSize of job (KB)
...
040 (11708664.013.000) 2025-04-20 02:58:41 Started transferring output files
...
040 (11708664.013.000) 2025-04-20 02:58:41 Finished transferring output files
...
005 (11708664.013.000) 2025-04-20 02:58:41 Job terminated.
	(1) Normal termination (return value 1)
		Usr 0 00:02:11, Sys 0 00:00:15  -  Run Remote Usage
		Usr 0 00:00:00, Sys 0 00:00:00  -  Run Local Usage
		Usr 0 00:02:11, Sys 0 00:00:15  -  Total Remote Usage
		Usr 0 00:00:00, Sys 0 00:00:00  -  Total Local Usage
	57931  -  Run Bytes Sent By Job
	29155  -  Run Bytes Received By Job
	57931  -  Total Bytes Sent By Job
	29155  -  Total Bytes Received By Job
	Partitionable Resources :    Usage  Request Allocated 
	   Cpus                 :     0.00        4         4 
	   Disk (KB)            :   872     5242880   5244421 
	   GPUs                 :                           0 
	   Memory (MB)          :  1107        8192      8192 
	   TimeExecute (s)      :   210                       
	   TimeSlotBusy (s)     :   211                       

	Job terminated of its own accord at 2025-04-20T07:58:41Z with exit-code 1.
...
