000 (11708664.015.000) 2025-04-20 02:54:58 Job submitted from host: <131.225.189.251:9618?addrs=131.225.189.251-9618+[2620-6a-0-8421--e8]-9618&alias=lpcschedd4.fnal.gov&noUDP&sock=schedd_1901_81a0>
...
040 (11708664.015.000) 2025-04-20 02:55:08 Started transferring input files
	Transferring to host: <131.225.189.27:9618?addrs=[2620-6a-0-8421-f0-0-189-27]-9618+131.225.189.27-9618&alias=cmswn2084.fnal.gov&noUDP&sock=slot1_5_2589_ef42_32938>
...
040 (11708664.015.000) 2025-04-20 02:55:08 Finished transferring input files
...
001 (11708664.015.000) 2025-04-20 02:55:09 Job executing on host: <131.225.189.27:9618?addrs=[2620-6a-0-8421-f0-0-189-27]-9618+131.225.189.27-9618&alias=cmswn2084.fnal.gov&noUDP&sock=startd_2274_5a74>
	SlotName: slot1_5@cmswn2084.fnal.gov
	CondorScratchDir = "/storage/local/data1/condor/execute/dir_14692"
	Cpus = 4
	Disk = 5244415
	GPUs = 0
	Memory = 8192
...
006 (11708664.015.000) 2025-04-20 02:55:17 Image size of job updated: 111
	111  -  MemoryUsage of job (MB)
	113900  -  ResidentSetSize of job (KB)
...
006 (11708664.015.000) 2025-04-20 02:55:35 Image size of job updated: 1088
	1088  -  MemoryUsage of job (MB)
	1114596  -  ResidentSetSize of job (KB)
...
040 (11708664.015.000) 2025-04-20 02:55:35 Started transferring output files
...
040 (11708664.015.000) 2025-04-20 02:55:35 Finished transferring output files
...
005 (11708664.015.000) 2025-04-20 02:55:36 Job terminated.
	(1) Normal termination (return value 1)
		Usr 0 00:00:10, Sys 0 00:00:03  -  Run Remote Usage
		Usr 0 00:00:00, Sys 0 00:00:00  -  Run Local Usage
		Usr 0 00:00:10, Sys 0 00:00:03  -  Total Remote Usage
		Usr 0 00:00:00, Sys 0 00:00:00  -  Total Local Usage
	38346  -  Run Bytes Sent By Job
	29155  -  Run Bytes Received By Job
	38346  -  Total Bytes Sent By Job
	29155  -  Total Bytes Received By Job
	Partitionable Resources :    Usage  Request Allocated 
	   Cpus                 :        0        4         4 
	   Disk (KB)            :      852  5242880   5244415 
	   GPUs                 :                           0 
	   Memory (MB)          :     1088     8192      8192 
	   TimeExecute (s)      :       26                    
	   TimeSlotBusy (s)     :       28                    

	Job terminated of its own accord at 2025-04-20T07:55:35Z with exit-code 1.
...
