000 (11708664.016.000) 2025-04-20 02:54:58 Job submitted from host: <131.225.189.251:9618?addrs=131.225.189.251-9618+[2620-6a-0-8421--e8]-9618&alias=lpcschedd4.fnal.gov&noUDP&sock=schedd_1901_81a0>
...
040 (11708664.016.000) 2025-04-20 02:55:08 Started transferring input files
	Transferring to host: <131.225.189.46:9618?addrs=[2620-6a-0-8421-f0-0-189-46]-9618+131.225.189.46-9618&alias=cmswn2095.fnal.gov&noUDP&sock=slot1_9_3699_07af_33468>
...
040 (11708664.016.000) 2025-04-20 02:55:08 Finished transferring input files
...
001 (11708664.016.000) 2025-04-20 02:55:09 Job executing on host: <131.225.189.46:9618?addrs=[2620-6a-0-8421-f0-0-189-46]-9618+131.225.189.46-9618&alias=cmswn2095.fnal.gov&noUDP&sock=startd_2291_0390>
	SlotName: slot1_9@cmswn2095.fnal.gov
	CondorScratchDir = "/storage/local/data1/condor/execute/dir_574647"
	Cpus = 4
	Disk = 5244405
	GPUs = 0
	Memory = 8192
...
006 (11708664.016.000) 2025-04-20 02:55:17 Image size of job updated: 119
	119  -  MemoryUsage of job (MB)
	122668  -  ResidentSetSize of job (KB)
...
006 (11708664.016.000) 2025-04-20 02:55:30 Image size of job updated: 1081
	1081  -  MemoryUsage of job (MB)
	1107596  -  ResidentSetSize of job (KB)
...
040 (11708664.016.000) 2025-04-20 02:55:30 Started transferring output files
...
040 (11708664.016.000) 2025-04-20 02:55:30 Finished transferring output files
...
005 (11708664.016.000) 2025-04-20 02:55:31 Job terminated.
	(1) Normal termination (return value 1)
		Usr 0 00:00:05, Sys 0 00:00:02  -  Run Remote Usage
		Usr 0 00:00:00, Sys 0 00:00:00  -  Run Local Usage
		Usr 0 00:00:05, Sys 0 00:00:02  -  Total Remote Usage
		Usr 0 00:00:00, Sys 0 00:00:00  -  Total Local Usage
	1448  -  Run Bytes Sent By Job
	29155  -  Run Bytes Received By Job
	1448  -  Total Bytes Sent By Job
	29155  -  Total Bytes Received By Job
	Partitionable Resources :    Usage  Request Allocated 
	   Cpus                 :        0        4         4 
	   Disk (KB)            :      816  5242880   5244405 
	   GPUs                 :                           0 
	   Memory (MB)          :     1081     8192      8192 
	   TimeExecute (s)      :       21                    
	   TimeSlotBusy (s)     :       23                    

	Job terminated of its own accord at 2025-04-20T07:55:30Z with exit-code 1.
...
