000 (11701735.004.000) 2025-04-19 04:34:51 Job submitted from host: <131.225.189.251:9618?addrs=131.225.189.251-9618+[2620-6a-0-8421--e8]-9618&alias=lpcschedd4.fnal.gov&noUDP&sock=schedd_1901_81a0>
...
040 (11701735.004.000) 2025-04-19 04:34:52 Started transferring input files
	Transferring to host: <131.225.188.86:9618?addrs=[2620-6a-0-8421-f0-0-188-86]-9618+131.225.188.86-9618&alias=cmswn2042.fnal.gov&noUDP&sock=slot1_7_2367_83f9_19361>
...
040 (11701735.004.000) 2025-04-19 04:34:52 Finished transferring input files
...
040 (11701735.004.000) 2025-04-19 04:34:53 Started transferring output files
...
021 (11701735.004.000) 2025-04-19 04:34:53 Error from starter on slot1_7@cmswn2042.fnal.gov:
	Failed to transfer files: SHADOW at 131.225.189.251 failed to send file(s) to <131.225.188.86:43017>: |Error: reading from file /uscms_data/d3/vsinha/CMSSW_12_3_4/src/fly/histograms/filelist.txt: (errno 2) No such file or directory; STARTER failed to receive file(s) from <131.225.189.251:9618>
	Code 13 Subcode 2
...
004 (11701735.004.000) 2025-04-19 04:34:53 Job was evicted.
	(0) CPU times
		Usr 0 00:00:00, Sys 0 00:00:00  -  Run Remote Usage
		Usr 0 00:00:00, Sys 0 00:00:00  -  Run Local Usage
	0  -  Run Bytes Sent By Job
	26392  -  Run Bytes Received By Job
	Transfer input files failure at access point lpcschedd4 while sending files to execution point slot1_7@cmswn2042.fnal.gov. Details: reading from file /uscms_data/d3/vsinha/CMSSW_12_3_4/src/fly/histograms/filelist.txt: (errno 2) No such file or directory
	Partitionable Resources :    Usage  Request Allocated 
	   Cpus                 :                 4         4 
	   Disk (KB)            :       39  5242880   5244411 
	   GPUs                 :                           0 
	   Memory (MB)          :              8192      8192 
...
012 (11701735.004.000) 2025-04-19 04:34:53 Job was held.
	Transfer input files failure at access point lpcschedd4 while sending files to execution point slot1_7@cmswn2042.fnal.gov. Details: reading from file /uscms_data/d3/vsinha/CMSSW_12_3_4/src/fly/histograms/filelist.txt: (errno 2) No such file or directory
	Code 13 Subcode 2
...
012 (11701735.004.000) 2025-04-19 06:36:29 Job was held.
	via condor_hold (by user vsinha)
	Code 1 Subcode 0
...
013 (11701735.004.000) 2025-04-19 06:38:37 Job was released.
	via condor_release (by user vsinha)
...
040 (11701735.004.000) 2025-04-19 06:38:49 Started transferring input files
	Transferring to host: <131.225.188.219:9618?addrs=[2620-6a-0-8421-f0-0-188-219]-9618+131.225.188.219-9618&alias=cmswn2070.fnal.gov&noUDP&sock=slot1_7_3378967_ad56_25369>
...
040 (11701735.004.000) 2025-04-19 06:38:49 Finished transferring input files
...
040 (11701735.004.000) 2025-04-19 06:38:50 Started transferring output files
...
021 (11701735.004.000) 2025-04-19 06:38:50 Error from starter on slot1_7@cmswn2070.fnal.gov:
	Failed to transfer files: SHADOW at 131.225.189.251 failed to send file(s) to <131.225.188.219:42067>: |Error: reading from file /uscms_data/d3/vsinha/CMSSW_12_3_4/src/fly/histograms/filelist.txt: (errno 2) No such file or directory; STARTER failed to receive file(s) from <131.225.189.251:9618>
	Code 13 Subcode 2
...
004 (11701735.004.000) 2025-04-19 06:38:50 Job was evicted.
	(0) CPU times
		Usr 0 00:00:00, Sys 0 00:00:00  -  Run Remote Usage
		Usr 0 00:00:00, Sys 0 00:00:00  -  Run Local Usage
	0  -  Run Bytes Sent By Job
	26392  -  Run Bytes Received By Job
	Transfer input files failure at access point lpcschedd4 while sending files to execution point slot1_7@cmswn2070.fnal.gov. Details: reading from file /uscms_data/d3/vsinha/CMSSW_12_3_4/src/fly/histograms/filelist.txt: (errno 2) No such file or directory
	Partitionable Resources :    Usage  Request Allocated 
	   Cpus                 :                 4         4 
	   Disk (KB)            :       41  5242880   5244414 
	   GPUs                 :                           0 
	   Memory (MB)          :              8192      8192 
...
012 (11701735.004.000) 2025-04-19 06:38:50 Job was held.
	Transfer input files failure at access point lpcschedd4 while sending files to execution point slot1_7@cmswn2070.fnal.gov. Details: reading from file /uscms_data/d3/vsinha/CMSSW_12_3_4/src/fly/histograms/filelist.txt: (errno 2) No such file or directory
	Code 13 Subcode 2
...
013 (11701735.004.000) 2025-04-19 12:08:03 Job was released.
	via condor_release (by user vsinha)
...
040 (11701735.004.000) 2025-04-19 12:08:23 Started transferring input files
	Transferring to host: <131.225.188.199:9618?addrs=[2620-6a-0-8421-f0-0-188-199]-9618+131.225.188.199-9618&alias=cmswn2064.fnal.gov&noUDP&sock=slot1_3_2603_cc83_28198>
...
040 (11701735.004.000) 2025-04-19 12:08:23 Finished transferring input files
...
040 (11701735.004.000) 2025-04-19 12:08:24 Started transferring output files
...
021 (11701735.004.000) 2025-04-19 12:08:24 Error from starter on slot1_3@cmswn2064.fnal.gov:
	Failed to transfer files: SHADOW at 131.225.189.251 failed to send file(s) to <131.225.188.199:42263>: |Error: reading from file /uscms_data/d3/vsinha/CMSSW_12_3_4/src/fly/histograms/filelist.txt: (errno 2) No such file or directory; STARTER failed to receive file(s) from <131.225.189.251:9618>
	Code 13 Subcode 2
...
004 (11701735.004.000) 2025-04-19 12:08:24 Job was evicted.
	(0) CPU times
		Usr 0 00:00:00, Sys 0 00:00:00  -  Run Remote Usage
		Usr 0 00:00:00, Sys 0 00:00:00  -  Run Local Usage
	0  -  Run Bytes Sent By Job
	26392  -  Run Bytes Received By Job
	Transfer input files failure at access point lpcschedd4 while sending files to execution point slot1_3@cmswn2064.fnal.gov. Details: reading from file /uscms_data/d3/vsinha/CMSSW_12_3_4/src/fly/histograms/filelist.txt: (errno 2) No such file or directory
	Partitionable Resources :    Usage  Request Allocated 
	   Cpus                 :                 4         4 
	   Disk (KB)            :       43  5242880   5244407 
	   GPUs                 :                           0 
	   Memory (MB)          :              8192      8192 
...
012 (11701735.004.000) 2025-04-19 12:08:24 Job was held.
	Transfer input files failure at access point lpcschedd4 while sending files to execution point slot1_3@cmswn2064.fnal.gov. Details: reading from file /uscms_data/d3/vsinha/CMSSW_12_3_4/src/fly/histograms/filelist.txt: (errno 2) No such file or directory
	Code 13 Subcode 2
...
009 (11701735.004.000) 2025-04-20 02:54:43 Job was aborted.
	via condor_rm (by user vsinha)
...
