000 (11708664.014.000) 2025-04-20 02:54:58 Job submitted from host: <131.225.189.251:9618?addrs=131.225.189.251-9618+[2620-6a-0-8421--e8]-9618&alias=lpcschedd4.fnal.gov&noUDP&sock=schedd_1901_81a0>
...
040 (11708664.014.000) 2025-04-20 02:55:08 Started transferring input files
	Transferring to host: <131.225.189.172:9618?addrs=[2620-6a-0-8421-f0-0-189-172]-9618+131.225.189.172-9618&alias=cmswn2122.fnal.gov&noUDP&sock=slot1_1_2929069_d61f_24746>
...
040 (11708664.014.000) 2025-04-20 02:55:08 Finished transferring input files
...
001 (11708664.014.000) 2025-04-20 02:55:09 Job executing on host: <131.225.189.172:9618?addrs=[2620-6a-0-8421-f0-0-189-172]-9618+131.225.189.172-9618&alias=cmswn2122.fnal.gov&noUDP&sock=startd_2342_fee4>
	SlotName: slot1_1@cmswn2122.fnal.gov
	CondorScratchDir = "/storage/local/data1/condor/execute/dir_2141256"
	Cpus = 4
	Disk = 5246178
	GPUs = 0
	Memory = 8192
...
006 (11708664.014.000) 2025-04-20 02:55:17 Image size of job updated: 59
	59  -  MemoryUsage of job (MB)
	60864  -  ResidentSetSize of job (KB)
...
006 (11708664.014.000) 2025-04-20 02:56:17 Image size of job updated: 1039
	1039  -  MemoryUsage of job (MB)
	1064164  -  ResidentSetSize of job (KB)
...
006 (11708664.014.000) 2025-04-20 02:57:15 Image size of job updated: 1039
	1039  -  MemoryUsage of job (MB)
	1064284  -  ResidentSetSize of job (KB)
...
040 (11708664.014.000) 2025-04-20 02:57:15 Started transferring output files
...
040 (11708664.014.000) 2025-04-20 02:57:15 Finished transferring output files
...
005 (11708664.014.000) 2025-04-20 02:57:15 Job terminated.
	(1) Normal termination (return value 1)
		Usr 0 00:01:09, Sys 0 00:00:09  -  Run Remote Usage
		Usr 0 00:00:00, Sys 0 00:00:00  -  Run Local Usage
		Usr 0 00:01:09, Sys 0 00:00:09  -  Total Remote Usage
		Usr 0 00:00:00, Sys 0 00:00:00  -  Total Local Usage
	46108  -  Run Bytes Sent By Job
	29155  -  Run Bytes Received By Job
	46108  -  Total Bytes Sent By Job
	29155  -  Total Bytes Received By Job
	Partitionable Resources :    Usage  Request Allocated 
	   Cpus                 :     0.00        4         4 
	   Disk (KB)            :   860     5242880   5246178 
	   GPUs                 :                           0 
	   Memory (MB)          :  1039        8192      8192 
	   TimeExecute (s)      :   126                       
	   TimeSlotBusy (s)     :   127                       

	Job terminated of its own accord at 2025-04-20T07:57:15Z with exit-code 1.
...
