000 (11708664.011.000) 2025-04-20 02:54:58 Job submitted from host: <131.225.189.251:9618?addrs=131.225.189.251-9618+[2620-6a-0-8421--e8]-9618&alias=lpcschedd4.fnal.gov&noUDP&sock=schedd_1901_81a0>
...
040 (11708664.011.000) 2025-04-20 02:55:07 Started transferring input files
	Transferring to host: <131.225.188.184:9618?addrs=[2620-6a-0-8421-f0-0-188-184]-9618+131.225.188.184-9618&alias=cmswn2061.fnal.gov&noUDP&sock=slot1_3_2551_2901_13726>
...
040 (11708664.011.000) 2025-04-20 02:55:07 Finished transferring input files
...
001 (11708664.011.000) 2025-04-20 02:55:08 Job executing on host: <131.225.188.184:9618?addrs=[2620-6a-0-8421-f0-0-188-184]-9618+131.225.188.184-9618&alias=cmswn2061.fnal.gov&noUDP&sock=startd_2223_5f1f>
	SlotName: slot1_3@cmswn2061.fnal.gov
	CondorScratchDir = "/storage/local/data1/condor/execute/dir_3783502"
	Cpus = 4
	Disk = 5244409
	GPUs = 0
	Memory = 8192
...
006 (11708664.011.000) 2025-04-20 02:55:16 Image size of job updated: 100
	100  -  MemoryUsage of job (MB)
	102476  -  ResidentSetSize of job (KB)
...
006 (11708664.011.000) 2025-04-20 02:56:17 Image size of job updated: 991
	991  -  MemoryUsage of job (MB)
	1014872  -  ResidentSetSize of job (KB)
...
006 (11708664.011.000) 2025-04-20 02:57:17 Image size of job updated: 1100
	1100  -  MemoryUsage of job (MB)
	1127172  -  ResidentSetSize of job (KB)
...
040 (11708664.011.000) 2025-04-20 02:57:42 Started transferring output files
...
040 (11708664.011.000) 2025-04-20 02:57:42 Finished transferring output files
...
005 (11708664.011.000) 2025-04-20 02:57:42 Job terminated.
	(1) Normal termination (return value 1)
		Usr 0 00:00:39, Sys 0 00:00:05  -  Run Remote Usage
		Usr 0 00:00:00, Sys 0 00:00:00  -  Run Local Usage
		Usr 0 00:00:39, Sys 0 00:00:05  -  Total Remote Usage
		Usr 0 00:00:00, Sys 0 00:00:00  -  Total Local Usage
	37886  -  Run Bytes Sent By Job
	29155  -  Run Bytes Received By Job
	37886  -  Total Bytes Sent By Job
	29155  -  Total Bytes Received By Job
	Partitionable Resources :    Usage  Request Allocated 
	   Cpus                 :        0        4         4 
	   Disk (KB)            :      852  5242880   5244409 
	   GPUs                 :                           0 
	   Memory (MB)          :     1100     8192      8192 
	   TimeExecute (s)      :      154                    
	   TimeSlotBusy (s)     :      155                    

	Job terminated of its own accord at 2025-04-20T07:57:42Z with exit-code 1.
...
